Archive member included to satisfy reference by file (symbol)

/usr/lib/gcc/arm-none-eabi/13.2.1/thumb/v6-m/nofp/libgcc.a(_dvmd_tls.o)
                              CMakeFiles/pico_mqtt.dir/home/narulinux/github/pico-sdk/src/rp2_common/pico_divider/divider_hardware.S.o (__aeabi_idiv0)
/usr/lib/gcc/arm-none-eabi/13.2.1/../../../arm-none-eabi/lib/thumb/v6-m/nofp/libg.a(libc_a-strncmp.o)
                              CMakeFiles/pico_mqtt.dir/home/narulinux/github/pico-sdk/lib/lwip/src/core/def.c.o (strncmp)
/usr/lib/gcc/arm-none-eabi/13.2.1/../../../arm-none-eabi/lib/thumb/v6-m/nofp/libg.a(libc_a-memmove.o)
                              CMakeFiles/pico_mqtt.dir/home/narulinux/github/pico-sdk/lib/lwip/src/core/def.c.o (memmove)
/usr/lib/gcc/arm-none-eabi/13.2.1/../../../arm-none-eabi/lib/thumb/v6-m/nofp/libg.a(libc_a-calloc.o)
                              CMakeFiles/pico_mqtt.dir/home/narulinux/github/pico-sdk/src/rp2_common/pico_malloc/malloc.c.o (calloc)
/usr/lib/gcc/arm-none-eabi/13.2.1/../../../arm-none-eabi/lib/thumb/v6-m/nofp/libg.a(libc_a-impure.o)
                              /usr/lib/gcc/arm-none-eabi/13.2.1/../../../arm-none-eabi/lib/thumb/v6-m/nofp/libg.a(libc_a-calloc.o) (_impure_ptr)
/usr/lib/gcc/arm-none-eabi/13.2.1/../../../arm-none-eabi/lib/thumb/v6-m/nofp/libg.a(libc_a-callocr.o)
                              /usr/lib/gcc/arm-none-eabi/13.2.1/../../../arm-none-eabi/lib/thumb/v6-m/nofp/libg.a(libc_a-calloc.o) (_calloc_r)
/usr/lib/gcc/arm-none-eabi/13.2.1/../../../arm-none-eabi/lib/thumb/v6-m/nofp/libg.a(libc_a-realloc.o)
                              CMakeFiles/pico_mqtt.dir/home/narulinux/github/pico-sdk/src/rp2_common/pico_malloc/malloc.c.o (realloc)
/usr/lib/gcc/arm-none-eabi/13.2.1/../../../arm-none-eabi/lib/thumb/v6-m/nofp/libg.a(libc_a-mallocr.o)
                              /usr/lib/gcc/arm-none-eabi/13.2.1/../../../arm-none-eabi/lib/thumb/v6-m/nofp/libg.a(libc_a-callocr.o) (_malloc_r)
/usr/lib/gcc/arm-none-eabi/13.2.1/../../../arm-none-eabi/lib/thumb/v6-m/nofp/libg.a(libc_a-freer.o)
                              /usr/lib/gcc/arm-none-eabi/13.2.1/../../../arm-none-eabi/lib/thumb/v6-m/nofp/libg.a(libc_a-mallocr.o) (_free_r)
/usr/lib/gcc/arm-none-eabi/13.2.1/../../../arm-none-eabi/lib/thumb/v6-m/nofp/libg.a(libc_a-memcmp.o)
                              CMakeFiles/pico_mqtt.dir/home/narulinux/github/pico-sdk/src/rp2_common/pico_atomic/atomic.c.o (memcmp)
/usr/lib/gcc/arm-none-eabi/13.2.1/../../../arm-none-eabi/lib/thumb/v6-m/nofp/libg.a(libc_a-atoi.o)
                              CMakeFiles/pico_mqtt.dir/home/narulinux/github/pico-sdk/lib/lwip/src/core/netif.c.o (atoi)
/usr/lib/gcc/arm-none-eabi/13.2.1/../../../arm-none-eabi/lib/thumb/v6-m/nofp/libg.a(libc_a-strtol.o)
                              /usr/lib/gcc/arm-none-eabi/13.2.1/../../../arm-none-eabi/lib/thumb/v6-m/nofp/libg.a(libc_a-atoi.o) (_strtol_r)
/usr/lib/gcc/arm-none-eabi/13.2.1/../../../arm-none-eabi/lib/thumb/v6-m/nofp/libg.a(libc_a-malloc.o)
                              CMakeFiles/pico_mqtt.dir/home/narulinux/github/pico-sdk/src/rp2_common/pico_malloc/malloc.c.o (malloc)
/usr/lib/gcc/arm-none-eabi/13.2.1/../../../arm-none-eabi/lib/thumb/v6-m/nofp/libg.a(libc_a-sysconf.o)
                              /usr/lib/gcc/arm-none-eabi/13.2.1/../../../arm-none-eabi/lib/thumb/v6-m/nofp/libg.a(libc_a-mallocr.o) (sysconf)
/usr/lib/gcc/arm-none-eabi/13.2.1/../../../arm-none-eabi/lib/thumb/v6-m/nofp/libg.a(libc_a-init.o)
                              /usr/lib/gcc/arm-none-eabi/13.2.1/../../../arm-none-eabi/lib/thumb/v6-m/nofp/crt0.o (__libc_init_array)
/usr/lib/gcc/arm-none-eabi/13.2.1/../../../arm-none-eabi/lib/thumb/v6-m/nofp/libg.a(libc_a-reallocr.o)
                              /usr/lib/gcc/arm-none-eabi/13.2.1/../../../arm-none-eabi/lib/thumb/v6-m/nofp/libg.a(libc_a-realloc.o) (_realloc_r)
/usr/lib/gcc/arm-none-eabi/13.2.1/../../../arm-none-eabi/lib/thumb/v6-m/nofp/libg.a(libc_a-mktime.o)
                              CMakeFiles/pico_mqtt.dir/home/narulinux/github/pico-sdk/src/common/pico_util/datetime.c.o (mktime)
/usr/lib/gcc/arm-none-eabi/13.2.1/../../../arm-none-eabi/lib/thumb/v6-m/nofp/libg.a(libc_a-mlock.o)
                              /usr/lib/gcc/arm-none-eabi/13.2.1/../../../arm-none-eabi/lib/thumb/v6-m/nofp/libg.a(libc_a-mallocr.o) (__malloc_lock)
/usr/lib/gcc/arm-none-eabi/13.2.1/../../../arm-none-eabi/lib/thumb/v6-m/nofp/libg.a(libc_a-findfp.o)
                              /usr/lib/gcc/arm-none-eabi/13.2.1/../../../arm-none-eabi/lib/thumb/v6-m/nofp/libg.a(libc_a-impure.o) (__sf)
/usr/lib/gcc/arm-none-eabi/13.2.1/../../../arm-none-eabi/lib/thumb/v6-m/nofp/libg.a(libc_a-tzlock.o)
                              /usr/lib/gcc/arm-none-eabi/13.2.1/../../../arm-none-eabi/lib/thumb/v6-m/nofp/libg.a(libc_a-mktime.o) (__tz_lock)
/usr/lib/gcc/arm-none-eabi/13.2.1/../../../arm-none-eabi/lib/thumb/v6-m/nofp/libg.a(libc_a-ctype_.o)
[...]
Memory Configuration

Name             Origin             Length             Attributes
FLASH            0x10000000         0x00200000         xr
RAM              0x20000000         0x00040000         xrw
SCRATCH_X        0x20040000         0x00001000         xrw
SCRATCH_Y        0x20041000         0x00001000         xrw
*default*        0x00000000         0xffffffff

Linker script and memory map

LOAD /usr/lib/gcc/arm-none-eabi/13.2.1/thumb/v6-m/nofp/crti.o
LOAD /usr/lib/gcc/arm-none-eabi/13.2.1/thumb/v6-m/nofp/crtbegin.o
LOAD /usr/lib/gcc/arm-none-eabi/13.2.1/../../../arm-none-eabi/lib/thumb/v6-m/nofp/crt0.o

.flash_begin    0x10000000        0x0
                0x10000000                        __flash_binary_start = .

.boot2          0x10000000      0x100
                0x10000000                        __boot2_start__ = .
 *(.boot2)
 .boot2         0x10000000      0x100 pico-sdk/src/rp2040/boot_stage2/CMakeFiles/bs2_default_library.dir/bs2_default_padded_checksummed.S.o
                0x10000100                        __boot2_end__ = .
                0x00000001                        ASSERT (((__boot2_end__ - __boot2_start__) == 0x100), ERROR: Pico second stage bootloader must be 256 bytes in size)

.text           0x10000100    0x10cd8
                0x10000100                        __logical_binary_start = .
 *(.vectors)
 .vectors       0x10000100       0xd4 CMakeFiles/pico_mqtt.dir/home/narulinux/github/pico-sdk/src/rp2_common/pico_crt0/crt0.S.o
                0x10000100                __vectors
                0x10000100                __VECTOR_TABLE
                0x100001c0                isr_invalid
                0x100001c0                __default_isrs_start
                0x100001c2                isr_nmi
                0x100001c4                isr_hardfault
                0x100001c6                isr_svcall
                0x100001c8                isr_pendsv
                0x100001ca                isr_systick
                0x100001cc                isr_irq30
                0x100001cc                __unhandled_user_irq
                0x100001cc                isr_irq13
                0x100001cc                isr_irq27
                0x100001cc                isr_irq31
                0x100001cc                isr_irq5
                0x100001cc                isr_irq11
                0x100001cc                isr_irq23
                0x100001cc                isr_irq18
                0x100001cc                isr_irq28
                0x100001cc                isr_irq19
                0x100001cc                isr_irq0
                0x100001cc                isr_irq6
                0x100001cc                isr_irq22
                0x100001cc                isr_irq17
                0x100001cc                isr_irq14
                0x100001cc                isr_irq2
                0x100001cc                isr_irq10
                0x100001cc                isr_irq8
                0x100001cc                isr_irq24
                0x100001cc                isr_irq1
                0x100001cc                isr_irq7
                0x100001cc                isr_irq21
                0x100001cc                isr_irq20
                0x100001cc                isr_irq15
                0x100001cc                isr_irq25
                0x100001cc                isr_irq4
                0x100001cc                isr_irq16
                0x100001cc                isr_irq29
                0x100001cc                isr_irq26
                0x100001cc                __default_isrs_end
                0x100001cc                isr_irq3
                0x100001cc                isr_irq12
                0x100001cc                isr_irq9
                0x100001d2                unhandled_user_irq_num_in_r0
 *(.binary_info_header)
 .binary_info_header
                0x100001d4       0x14 CMakeFiles/pico_mqtt.dir/home/narulinux/github/pico-sdk/src/rp2_common/pico_crt0/crt0.S.o
                0x100001e8                        __binary_info_header_end = .
 *(.embedded_block)
                0x100001e8                        __embedded_block_end = .
 *(.reset)
 .reset         0x100001e8       0x9c CMakeFiles/pico_mqtt.dir/home/narulinux/github/pico-sdk/src/rp2_common/pico_crt0/crt0.S.o
                0x100001e8                _entry_point
 *(.init)
 .init          0x10000284        0x4 /usr/lib/gcc/arm-none-eabi/13.2.1/thumb/v6-m/nofp/crti.o
                0x10000284                _init
 *(EXCLUDE_FILE(*libm.a: *libc.a:*lib_a-mem*.o *libgcc.a:) .text*)
 .text          0x10000288       0x98 /usr/lib/gcc/arm-none-eabi/13.2.1/thumb/v6-m/nofp/crtbegin.o
 .text.wifi     0x10000320       0x4c CMakeFiles/pico_mqtt.dir/motionsensornew.c.o
                0x10000320                wifi
 .text.startup.main
                0x1000036c      0x104 CMakeFiles/pico_mqtt.dir/motionsensornew.c.o
                0x1000036c                main
 .text.gpio_set_function
                0x10000470       0x34 CMakeFiles/pico_mqtt.dir/home/narulinux/github/pico-sdk/src/rp2_common/hardware_gpio/gpio.c.o
                0x10000470                gpio_set_function
 .text.gpio_set_pulls
                0x100004a4       0x28 CMakeFiles/pico_mqtt.dir/home/narulinux/github/pico-sdk/src/rp2_common/hardware_gpio/gpio.c.o
                0x100004a4                gpio_set_pulls
 .text.gpio_set_input_hysteresis_enabled
                0x100004cc       0x28 CMakeFiles/pico_mqtt.dir/home/narulinux/github/pico-sdk/src/rp2_common/hardware_gpio/gpio.c.o
                0x100004cc                gpio_set_input_hysteresis_enabled
 .text.gpio_set_irq_enabled
                0x100004f4       0x58 CMakeFiles/pico_mqtt.dir/home/narulinux/github/pico-sdk/src/rp2_common/hardware_gpio/gpio.c.o
                0x100004f4                gpio_set_irq_enabled
 .text.gpio_add_raw_irq_handler_with_order_priority_masked
                0x1000054c       0x44 CMakeFiles/pico_mqtt.dir/home/narulinux/github/pico-sdk/src/rp2_common/hardware_gpio/gpio.c.o
                0x1000054c                gpio_add_raw_irq_handler_with_order_priority_masked
 .text.gpio_remove_raw_irq_handler_masked
                0x10000590       0x20 CMakeFiles/pico_mqtt.dir/home/narulinux/github/pico-sdk/src/rp2_common/hardware_gpio/gpio.c.o
                0x10000590                gpio_remove_raw_irq_handler_masked
 .text.gpio_init
                0x100005b0       0x40 CMakeFiles/pico_mqtt.dir/home/narulinux/github/pico-sdk/src/rp2_common/hardware_gpio/gpio.c.o
                0x100005b0                gpio_init
 .text.rp2040_chip_version
                0x100005f0        0xc CMakeFiles/pico_mqtt.dir/home/narulinux/github/pico-sdk/src/rp2040/pico_platform/platform.c.o
                0x100005f0                rp2040_chip_version
 .text.panic    0x100005fc       0x30 CMakeFiles/pico_mqtt.dir/home/narulinux/github/pico-sdk/src/rp2_common/pico_platform_panic/panic.c.o
                0x100005fc                panic
 .text.hw_claim_lock
                0x1000062c       0x18 CMakeFiles/pico_mqtt.dir/home/narulinux/github/pico-sdk/src/common/hardware_claim/claim.c.o
                0x1000062c                hw_claim_lock
 .text.hw_claim_unlock
                0x10000644       0x14 CMakeFiles/pico_mqtt.dir/home/narulinux/github/pico-sdk/src/common/hardware_claim/claim.c.o
                0x10000644                hw_claim_unlock
 .text.hw_claim_or_assert
                0x10000658       0x44 CMakeFiles/pico_mqtt.dir/home/narulinux/github/pico-sdk/src/common/hardware_claim/claim.c.o
                0x10000658                hw_claim_or_assert
 .text.hw_claim_unused_from_range
                0x1000069c       0x9c CMakeFiles/pico_mqtt.dir/home/narulinux/github/pico-sdk/src/common/hardware_claim/claim.c.o
                0x1000069c                hw_claim_unused_from_range
 .text.hw_claim_clear
                0x10000738       0x38 CMakeFiles/pico_mqtt.dir/home/narulinux/github/pico-sdk/src/common/hardware_claim/claim.c.o
                0x10000738                hw_claim_clear
 .text.next_striped_spin_lock_num
                0x10000770       0x18 CMakeFiles/pico_mqtt.dir/home/narulinux/github/pico-sdk/src/rp2_common/hardware_sync/sync.c.o
                0x10000770                next_striped_spin_lock_num
 .text.spin_lock_claim_unused
                0x10000788       0x24 CMakeFiles/pico_mqtt.dir/home/narulinux/github/pico-sdk/src/rp2_common/hardware_sync/sync.c.o
                0x10000788                spin_lock_claim_unused
 .text.spin_locks_reset
                0x100007ac       0x1c CMakeFiles/pico_mqtt.dir/home/narulinux/github/pico-sdk/src/rp2_common/hardware_sync_spin_lock/sync_spin_lock.c.o
                0x100007ac                spin_locks_reset
 .text.runtime_init_per_core_irq_priorities
                0x100007c8       0x24 CMakeFiles/pico_mqtt.dir/home/narulinux/github/pico-sdk/src/rp2_common/hardware_irq/irq.c.o
                0x100007c8                runtime_init_per_core_irq_priorities
 .text.irq_set_enabled
                0x100007ec       0x24 CMakeFiles/pico_mqtt.dir/home/narulinux/github/pico-sdk/src/rp2_common/hardware_irq/irq.c.o
                0x100007ec                irq_set_enabled
 .text.irq_is_enabled
                0x10000810       0x18 CMakeFiles/pico_mqtt.dir/home/narulinux/github/pico-sdk/src/rp2_common/hardware_irq/irq.c.o
                0x10000810                irq_is_enabled
 .text.irq_set_pending
                0x10000828       0x10 CMakeFiles/pico_mqtt.dir/home/narulinux/github/pico-sdk/src/rp2_common/hardware_irq/irq.c.o
                0x10000828                irq_set_pending
 .text.irq_has_shared_handler
                0x10000838       0x24 CMakeFiles/pico_mqtt.dir/home/narulinux/github/pico-sdk/src/rp2_common/hardware_irq/irq.c.o
                0x10000838                irq_has_shared_handler
 .text.irq_set_exclusive_handler
                0x1000085c       0x54 CMakeFiles/pico_mqtt.dir/home/narulinux/github/pico-sdk/src/rp2_common/hardware_irq/irq.c.o
                0x1000085c                irq_set_exclusive_handler
 .text.irq_add_shared_handler
                0x100008b0      0x1f4 CMakeFiles/pico_mqtt.dir/home/narulinux/github/pico-sdk/src/rp2_common/hardware_irq/irq.c.o
                0x100008b0                irq_add_shared_handler
 .text.irq_remove_handler
                0x10000aa4      0x1d4 CMakeFiles/pico_mqtt.dir/home/narulinux/github/pico-sdk/src/rp2_common/hardware_irq/irq.c.o
                0x10000aa4                irq_remove_handler
 .text.irq_set_priority
                0x10000c78       0x28 CMakeFiles/pico_mqtt.dir/home/narulinux/github/pico-sdk/src/rp2_common/hardware_irq/irq.c.o
                0x10000c78                irq_set_priority
 .text.irq_add_tail_to_free_list
                0x10000ca0       0xb4 CMakeFiles/pico_mqtt.dir/home/narulinux/github/pico-sdk/src/rp2_common/hardware_irq/irq.c.o
                0x10000ca0                irq_add_tail_to_free_list
 .text.user_irq_unclaim
                0x10000d54       0x14 CMakeFiles/pico_mqtt.dir/home/narulinux/github/pico-sdk/src/rp2_common/hardware_irq/irq.c.o
                0x10000d54                user_irq_unclaim
 .text.user_irq_claim_unused
                0x10000d68       0x2c CMakeFiles/pico_mqtt.dir/home/narulinux/github/pico-sdk/src/rp2_common/hardware_irq/irq.c.o
                0x10000d68                user_irq_claim_unused
 .text.sem_init
                0x10000d94       0x20 CMakeFiles/pico_mqtt.dir/home/narulinux/github/pico-sdk/src/common/pico_sync/sem.c.o
                0x10000d94                sem_init
 .text.lock_init
                0x10000db4       0x10 CMakeFiles/pico_mqtt.dir/home/narulinux/github/pico-sdk/src/common/pico_sync/lock_core.c.o
                0x10000db4                lock_init
 .text.runtime_init_mutex
                0x10000dc4       0x50 CMakeFiles/pico_mqtt.dir/home/narulinux/github/pico-sdk/src/common/pico_sync/mutex.c.o
                0x10000dc4                runtime_init_mutex
 .text.mutex_init
                0x10000e14       0x1c CMakeFiles/pico_mqtt.dir/home/narulinux/github/pico-sdk/src/common/pico_sync/mutex.c.o
                0x10000e14                mutex_init
 .text.recursive_mutex_init
                0x10000e30       0x1c CMakeFiles/pico_mqtt.dir/home/narulinux/github/pico-sdk/src/common/pico_sync/mutex.c.o
                0x10000e30                recursive_mutex_init
 .text.critical_section_init
                0x10000e4c       0x1c CMakeFiles/pico_mqtt.dir/home/narulinux/github/pico-sdk/src/common/pico_sync/critical_section.c.o
                0x10000e4c                critical_section_init
 .text.critical_section_init_with_lock_num
                0x10000e68       0x14 CMakeFiles/pico_mqtt.dir/home/narulinux/github/pico-sdk/src/common/pico_sync/critical_section.c.o
                0x10000e68                critical_section_init_with_lock_num
 .text.sleep_until_callback
                0x10000e7c       0x30 CMakeFiles/pico_mqtt.dir/home/narulinux/github/pico-sdk/src/common/pico_time/time.c.o
 .text.alarm_pool_irq_handler
                0x10000eac      0x2fc CMakeFiles/pico_mqtt.dir/home/narulinux/github/pico-sdk/src/common/pico_time/time.c.o
 .text.runtime_init_default_alarm_pool
                0x100011a8       0xdc CMakeFiles/pico_mqtt.dir/home/narulinux/github/pico-sdk/src/common/pico_time/time.c.o
                0x100011a8                runtime_init_default_alarm_pool
 .text.alarm_pool_get_default
                0x10001284        0x8 CMakeFiles/pico_mqtt.dir/home/narulinux/github/pico-sdk/src/common/pico_time/time.c.o
                0x10001284                alarm_pool_get_default
 .text.alarm_pool_add_alarm_at
                0x1000128c       0xd4 CMakeFiles/pico_mqtt.dir/home/narulinux/github/pico-sdk/src/common/pico_time/time.c.o
                0x1000128c                alarm_pool_add_alarm_at
 .text.alarm_pool_add_alarm_at_force_in_context
                0x10001360       0xb0 CMakeFiles/pico_mqtt.dir/home/narulinux/github/pico-sdk/src/common/pico_time/time.c.o
                0x10001360                alarm_pool_add_alarm_at_force_in_context
 .text.alarm_pool_cancel_alarm
                0x10001410       0x74 CMakeFiles/pico_mqtt.dir/home/narulinux/github/pico-sdk/src/common/pico_time/time.c.o
                0x10001410                alarm_pool_cancel_alarm
 .text.alarm_pool_core_num
                0x10001484        0x4 CMakeFiles/pico_mqtt.dir/home/narulinux/github/pico-sdk/src/common/pico_time/time.c.o
                0x10001484                alarm_pool_core_num
 .text.sleep_until
                0x10001488       0xd8 CMakeFiles/pico_mqtt.dir/home/narulinux/github/pico-sdk/src/common/pico_time/time.c.o
                0x10001488                sleep_until
 .text.sleep_us
                0x10001560       0x28 CMakeFiles/pico_mqtt.dir/home/narulinux/github/pico-sdk/src/common/pico_time/time.c.o
                0x10001560                sleep_us
 .text.sleep_ms
                0x10001588       0x38 CMakeFiles/pico_mqtt.dir/home/narulinux/github/pico-sdk/src/common/pico_time/time.c.o
                0x10001588                sleep_ms
 .text.best_effort_wfe_or_timeout
                0x100015c0       0xf8 CMakeFiles/pico_mqtt.dir/home/narulinux/github/pico-sdk/src/common/pico_time/time.c.o
                0x100015c0                best_effort_wfe_or_timeout
 .text.timer_hardware_alarm_claim
                0x100016b8       0x14 CMakeFiles/pico_mqtt.dir/home/narulinux/github/pico-sdk/src/rp2_common/hardware_timer/timer.c.o
                0x100016b8                timer_hardware_alarm_claim
 .text.timer_time_us_64
                0x100016cc       0x10 CMakeFiles/pico_mqtt.dir/home/narulinux/github/pico-sdk/src/rp2_common/hardware_timer/timer.c.o
                0x100016cc                timer_time_us_64
 .text.time_us_64
                0x100016dc       0x14 CMakeFiles/pico_mqtt.dir/home/narulinux/github/pico-sdk/src/rp2_common/hardware_timer/timer.c.o
                0x100016dc                time_us_64
 .text.busy_wait_us
                0x100016f0       0x68 CMakeFiles/pico_mqtt.dir/home/narulinux/github/pico-sdk/src/rp2_common/hardware_timer/timer.c.o
                0x100016f0                busy_wait_us
 .text.busy_wait_until
                0x10001758       0x20 CMakeFiles/pico_mqtt.dir/home/narulinux/github/pico-sdk/src/rp2_common/hardware_timer/timer.c.o
                0x10001758                busy_wait_until
 .text.uart_init
                0x10001778      0x120 CMakeFiles/pico_mqtt.dir/home/narulinux/github/pico-sdk/src/rp2_common/hardware_uart/uart.c.o
                0x10001778                uart_init
 .text.clock_configure_int_divider
                0x10001898       0xf4 CMakeFiles/pico_mqtt.dir/home/narulinux/github/pico-sdk/src/rp2_common/hardware_clocks/clocks.c.o
                0x10001898                clock_configure_int_divider
 .text.clock_configure_undivided
                0x1000198c       0xe8 CMakeFiles/pico_mqtt.dir/home/narulinux/github/pico-sdk/src/rp2_common/hardware_clocks/clocks.c.o
                0x1000198c                clock_configure_undivided
 .text.clock_get_hz
                0x10001a74        0xc CMakeFiles/pico_mqtt.dir/home/narulinux/github/pico-sdk/src/rp2_common/hardware_clocks/clocks.c.o
                0x10001a74                clock_get_hz
 .text.pll_init
                0x10001a80       0xa4 CMakeFiles/pico_mqtt.dir/home/narulinux/github/pico-sdk/src/rp2_common/hardware_pll/pll.c.o
                0x10001a80                pll_init
 .text.watchdog_reboot
                0x10001b24       0x9c CMakeFiles/pico_mqtt.dir/home/narulinux/github/pico-sdk/src/rp2_common/hardware_watchdog/watchdog.c.o
                0x10001b24                watchdog_reboot
 .text.tick_start
                0x10001bc0       0x10 CMakeFiles/pico_mqtt.dir/home/narulinux/github/pico-sdk/src/rp2_common/hardware_ticks/ticks.c.o
                0x10001bc0                tick_start
 .text.rom_func_lookup
                0x10001bd0       0x10 CMakeFiles/pico_mqtt.dir/home/narulinux/github/pico-sdk/src/rp2_common/pico_bootrom/bootrom.c.o
                0x10001bd0                rom_func_lookup
 .text.rom_data_lookup
                0x10001be0       0x10 CMakeFiles/pico_mqtt.dir/home/narulinux/github/pico-sdk/src/rp2_common/pico_bootrom/bootrom.c.o
                0x10001be0                rom_data_lookup
 .text.rom_funcs_lookup
                0x10001bf0       0x44 CMakeFiles/pico_mqtt.dir/home/narulinux/github/pico-sdk/src/rp2_common/pico_bootrom/bootrom.c.o
                0x10001bf0                rom_funcs_lookup
 .text.rom_reset_usb_boot_extra
                0x10001c34       0x28 CMakeFiles/pico_mqtt.dir/home/narulinux/github/pico-sdk/src/rp2_common/pico_bootrom/bootrom.c.o
                0x10001c34                rom_reset_usb_boot_extra
 .text.xosc_init
                0x10001c5c       0x28 CMakeFiles/pico_mqtt.dir/home/narulinux/github/pico-sdk/src/rp2_common/hardware_xosc/xosc.c.o
                0x10001c5c                xosc_init
 .text.first_per_core_initializer
                0x10001c84        0x4 CMakeFiles/pico_mqtt.dir/home/narulinux/github/pico-sdk/src/rp2_common/pico_runtime/runtime.c.o
 .text.hard_assertion_failure
                0x10001c88        0xc CMakeFiles/pico_mqtt.dir/home/narulinux/github/pico-sdk/src/rp2_common/pico_runtime/runtime.c.o
                0x10001c88                hard_assertion_failure
 .text.runtime_run_initializers
                0x10001c94       0x28 CMakeFiles/pico_mqtt.dir/home/narulinux/github/pico-sdk/src/rp2_common/pico_runtime/runtime.c.o
                0x10001c94                runtime_run_initializers
 .text.runtime_init_early_resets
                0x10001cbc       0x2c CMakeFiles/pico_mqtt.dir/home/narulinux/github/pico-sdk/src/rp2_common/pico_runtime_init/runtime_init.c.o
                0x10001cbc                runtime_init_early_resets
 .text.runtime_init_usb_power_down
                0x10001ce8       0x1c CMakeFiles/pico_mqtt.dir/home/narulinux/github/pico-sdk/src/rp2_common/pico_runtime_init/runtime_init.c.o
                0x10001ce8                runtime_init_usb_power_down
 .text.runtime_init_post_clock_resets
                0x10001d04       0x20 CMakeFiles/pico_mqtt.dir/home/narulinux/github/pico-sdk/src/rp2_common/pico_runtime_init/runtime_init.c.o
                0x10001d04                runtime_init_post_clock_resets
 .text.runtime_init_rp2040_gpio_ie_disable
                0x10001d24       0x14 CMakeFiles/pico_mqtt.dir/home/narulinux/github/pico-sdk/src/rp2_common/pico_runtime_init/runtime_init.c.o
                0x10001d24                runtime_init_rp2040_gpio_ie_disable
 .text.runtime_init_spin_locks_reset
                0x10001d38        0x8 CMakeFiles/pico_mqtt.dir/home/narulinux/github/pico-sdk/src/rp2_common/pico_runtime_init/runtime_init.c.o
                0x10001d38                runtime_init_spin_locks_reset
 .text.runtime_init_install_ram_vector_table
                0x10001d40       0x1c CMakeFiles/pico_mqtt.dir/home/narulinux/github/pico-sdk/src/rp2_common/pico_runtime_init/runtime_init.c.o
                0x10001d40                runtime_init_install_ram_vector_table
 .text.runtime_init_clocks
                0x10001d5c       0xd8 CMakeFiles/pico_mqtt.dir/home/narulinux/github/pico-sdk/src/rp2_common/pico_runtime_init/runtime_init_clocks.c.o
                0x10001d5c                runtime_init_clocks
 .text          0x10001e34       0x10 CMakeFiles/pico_mqtt.dir/home/narulinux/github/pico-sdk/src/rp2_common/pico_bit_ops/bit_ops_aeabi.S.o
 .text.ctzsi    0x10001e44        0xc CMakeFiles/pico_mqtt.dir/home/narulinux/github/pico-sdk/src/rp2_common/pico_bit_ops/bit_ops_aeabi.S.o
                0x10001e44                __wrap___ctzsi2
 .text.__wrap___aeabi_idiv
                0x10001e50       0x50 CMakeFiles/pico_mqtt.dir/home/narulinux/github/pico-sdk/src/rp2_common/pico_divider/divider_hardware.S.o
                0x10001e50                __wrap___aeabi_idivmod
                0x10001e50                divmod_s32s32
                0x10001e50                div_s32s32
                0x10001e50                __wrap___aeabi_idiv
                0x10001e58                divmod_s32s32_unsafe
                0x10001e84                divmod_s32s32_savestate
 .text.__wrap___aeabi_uidiv
                0x10001ea0       0x4c CMakeFiles/pico_mqtt.dir/home/narulinux/github/pico-sdk/src/rp2_common/pico_divider/divider_hardware.S.o
                0x10001ea0                __wrap___aeabi_uidiv
                0x10001ea0                __wrap___aeabi_uidivmod
                0x10001ea0                div_u32u32
                0x10001ea0                divmod_u32u32
                0x10001ea8                divmod_u32u32_unsafe
                0x10001ed0                divmod_u32u32_savestate
 .text.__wrap___aeabi_ldiv
                0x10001eec      0x424 CMakeFiles/pico_mqtt.dir/home/narulinux/github/pico-sdk/src/rp2_common/pico_divider/divider_hardware.S.o
                0x10001eec                div_s64s64
                0x10001eec                divmod_s64s64
                0x10001eec                __wrap___aeabi_ldivmod
                0x10001f1c                div_u64u64
                0x10001f1c                divmod_u64u64
                0x10001f1c                __wrap___aeabi_uldivmod
                0x10001f2c                divmod_u64u64_savestate
                0x10001f4c                divmod_s64s64_unsafe
                0x10001fd4                divmod_u64u64_unsafe
 .text.__wrap___aeabi_darithmetic
                0x10002310       0x60 CMakeFiles/pico_mqtt.dir/home/narulinux/github/pico-sdk/src/rp2_common/pico_double/double_aeabi_rp2040.S.o
                0x10002310                __wrap___aeabi_drsub
                0x10002316                __wrap___aeabi_dsub
                0x10002320                __wrap___aeabi_dadd
                0x1000232a                __wrap___aeabi_ddiv
                0x1000235e                __wrap___aeabi_dmul
 .text.__wrap___aeabi_cdcmple
                0x10002370       0x6c CMakeFiles/pico_mqtt.dir/home/narulinux/github/pico-sdk/src/rp2_common/pico_double/double_aeabi_rp2040.S.o
                0x10002370                __wrap___aeabi_cdrcmple
                0x10002380                __wrap___aeabi_cdcmple
                0x10002380                __wrap___aeabi_cdcmpeq
 .text.__wrap___aeabi_dcmplt
                0x100023dc        0xc CMakeFiles/pico_mqtt.dir/home/narulinux/github/pico-sdk/src/rp2_common/pico_double/double_aeabi_rp2040.S.o
                0x100023dc                __wrap___aeabi_dcmplt
 .text.__wrap___aeabi_dcmpge
                0x100023e8       0x10 CMakeFiles/pico_mqtt.dir/home/narulinux/github/pico-sdk/src/rp2_common/pico_double/double_aeabi_rp2040.S.o
                0x100023e8                __wrap___aeabi_dcmpge
 .text.__wrap___aeabi_dcmpgt
                0x100023f8        0xa CMakeFiles/pico_mqtt.dir/home/narulinux/github/pico-sdk/src/rp2_common/pico_double/double_aeabi_rp2040.S.o
                0x100023f8                __wrap___aeabi_dcmpgt
 .text.__wrap___aeabi_dcmpun
                0x10002402       0x18 CMakeFiles/pico_mqtt.dir/home/narulinux/github/pico-sdk/src/rp2_common/pico_double/double_aeabi_rp2040.S.o
                0x10002402                __wrap___aeabi_dcmpun
 *fill*         0x1000241a        0x2 
 .text.__wrap___aeabi_i2d
                0x1000241c       0x38 CMakeFiles/pico_mqtt.dir/home/narulinux/github/pico-sdk/src/rp2_common/pico_double/double_aeabi_rp2040.S.o
                0x1000241c                __wrap___aeabi_ui2d
                0x1000241c                uint2double
                0x10002424                __wrap___aeabi_i2d
                0x10002424                int2double
 .text.__wrap___aeabi_d2iz
                0x10002454       0x48 CMakeFiles/pico_mqtt.dir/home/narulinux/github/pico-sdk/src/rp2_common/pico_double/double_aeabi_rp2040.S.o
                0x10002454                __wrap___aeabi_d2iz
                0x10002454                double2int_z
 .text.__wrap___aeabi_d2uiz
                0x1000249c       0x10 CMakeFiles/pico_mqtt.dir/home/narulinux/github/pico-sdk/src/rp2_common/pico_double/double_aeabi_rp2040.S.o
                0x1000249c                double2uint_z
                0x1000249c                double2uint
                0x1000249c                __wrap___aeabi_d2uiz
 .text.__wrap___aeabi_ul2d
                0x100024ac       0x10 CMakeFiles/pico_mqtt.dir/home/narulinux/github/pico-sdk/src/rp2_common/pico_double/double_aeabi_rp2040.S.o
                0x100024ac                uint642double
                0x100024ac                __wrap___aeabi_ul2d
 .text.__wrap___aeabi_d2f
                0x100024bc       0x10 CMakeFiles/pico_mqtt.dir/home/narulinux/github/pico-sdk/src/rp2_common/pico_double/double_aeabi_rp2040.S.o
                0x100024bc                __wrap___aeabi_d2f
 .text.missing_double_func_shim
                0x100024cc        0xc CMakeFiles/pico_mqtt.dir/home/narulinux/github/pico-sdk/src/rp2_common/pico_double/double_init_rom_rp2040.c.o
 .text.__aeabi_double_init
                0x100024d8       0xa0 CMakeFiles/pico_mqtt.dir/home/narulinux/github/pico-sdk/src/rp2_common/pico_double/double_init_rom_rp2040.c.o
                0x100024d8                __aeabi_double_init
 .text.double_table_shim_on_use_helper
                0x10002578       0x2c CMakeFiles/pico_mqtt.dir/home/narulinux/github/pico-sdk/src/rp2_common/pico_double/double_v1_rom_shim_rp2040.S.o
                0x10002578                double_table_shim_on_use_helper
 .text.__aeabi_lmul
                0x100025a4       0x32 CMakeFiles/pico_mqtt.dir/home/narulinux/github/pico-sdk/src/rp2_common/pico_int64_ops/pico_int64_ops_aeabi.S.o
                0x100025a4                __wrap___aeabi_lmul
 *fill*         0x100025d6        0x2 
 .text.__wrap___aeabi_cfcmple
                0x100025d8       0x50 CMakeFiles/pico_mqtt.dir/home/narulinux/github/pico-sdk/src/rp2_common/pico_float/float_aeabi_rp2040.S.o
                0x100025d8                __wrap___aeabi_cfrcmple
                0x100025e4                __wrap___aeabi_cfcmpeq
                0x100025e4                __wrap___aeabi_cfcmple
 .text.__wrap___aeabi_fcmplt
                0x10002628        0xc CMakeFiles/pico_mqtt.dir/home/narulinux/github/pico-sdk/src/rp2_common/pico_float/float_aeabi_rp2040.S.o
                0x10002628                __wrap___aeabi_fcmplt
 .text.__wrap___aeabi_f2d
                0x10002634        0xc CMakeFiles/pico_mqtt.dir/home/narulinux/github/pico-sdk/src/rp2_common/pico_float/float_aeabi_rp2040.S.o
                0x10002634                __wrap___aeabi_f2d
 .text.missing_float_func_shim
                0x10002640        0xc CMakeFiles/pico_mqtt.dir/home/narulinux/github/pico-sdk/src/rp2_common/pico_float/float_init_rom_rp2040.c.o
 .text.__aeabi_float_init
                0x1000264c       0x5c CMakeFiles/pico_mqtt.dir/home/narulinux/github/pico-sdk/src/rp2_common/pico_float/float_init_rom_rp2040.c.o
                0x1000264c                __aeabi_float_init
 .text          0x100026a8       0x10 CMakeFiles/pico_mqtt.dir/home/narulinux/github/pico-sdk/src/rp2_common/pico_mem_ops/mem_ops_aeabi.S.o
                0x100026a8                __aeabi_mem_init
 .text.memset   0x100026b8        0xc CMakeFiles/pico_mqtt.dir/home/narulinux/github/pico-sdk/src/rp2_common/pico_mem_ops/mem_ops_aeabi.S.o
                0x100026b8                __wrap_memset
 .text.memcpy   0x100026c4        0xc CMakeFiles/pico_mqtt.dir/home/narulinux/github/pico-sdk/src/rp2_common/pico_mem_ops/mem_ops_aeabi.S.o
                0x100026c4                __wrap___aeabi_memcpy
                0x100026c4                __wrap_memcpy
 .text._out_null
                0x100026d0        0x4 CMakeFiles/pico_mqtt.dir/home/narulinux/github/pico-sdk/src/rp2_common/pico_printf/printf.c.o
 .text._out_rev
                0x100026d4       0xac CMakeFiles/pico_mqtt.dir/home/narulinux/github/pico-sdk/src/rp2_common/pico_printf/printf.c.o
 .text._ntoa_format
                0x10002780      0x250 CMakeFiles/pico_mqtt.dir/home/narulinux/github/pico-sdk/src/rp2_common/pico_printf/printf.c.o
 .text._out_char
                0x100029d0       0x10 CMakeFiles/pico_mqtt.dir/home/narulinux/github/pico-sdk/src/rp2_common/pico_printf/printf.c.o
 .text._out_fct
                0x100029e0       0x10 CMakeFiles/pico_mqtt.dir/home/narulinux/github/pico-sdk/src/rp2_common/pico_printf/printf.c.o
 .text._etoa    0x100029f0      0x464 CMakeFiles/pico_mqtt.dir/home/narulinux/github/pico-sdk/src/rp2_common/pico_printf/printf.c.o
 .text._ftoa    0x10002e54      0x3c0 CMakeFiles/pico_mqtt.dir/home/narulinux/github/pico-sdk/src/rp2_common/pico_printf/printf.c.o
 .text._vsnprintf
                0x10003214      0xbc8 CMakeFiles/pico_mqtt.dir/home/narulinux/github/pico-sdk/src/rp2_common/pico_printf/printf.c.o
 .text.vfctprintf
                0x10003ddc       0x20 CMakeFiles/pico_mqtt.dir/home/narulinux/github/pico-sdk/src/rp2_common/pico_printf/printf.c.o
                0x10003ddc                vfctprintf
 .text.weak_raw_vprintf
                0x10003dfc       0x30 CMakeFiles/pico_mqtt.dir/home/narulinux/github/pico-sdk/src/rp2_common/pico_printf/printf.c.o
                0x10003dfc                weak_raw_vprintf
 .text._exit    0x10003e2c        0x4 CMakeFiles/pico_mqtt.dir/home/narulinux/github/pico-sdk/src/rp2_common/pico_clib_interface/newlib_interface.c.o
                0x10003e2c                _exit
 .text.exit     0x10003e30        0x8 CMakeFiles/pico_mqtt.dir/home/narulinux/github/pico-sdk/src/rp2_common/pico_clib_interface/newlib_interface.c.o
                0x10003e30                exit
 .text.runtime_init
                0x10003e38       0x2c CMakeFiles/pico_mqtt.dir/home/narulinux/github/pico-sdk/src/rp2_common/pico_clib_interface/newlib_interface.c.o
                0x10003e38                runtime_init
 .text.stdio_out_chars_no_crlf
                0x10003e64       0x10 CMakeFiles/pico_mqtt.dir/home/narulinux/github/pico-sdk/src/rp2_common/pico_stdio/stdio.c.o
 .text.stdio_out_chars_crlf
                0x10003e74       0x94 CMakeFiles/pico_mqtt.dir/home/narulinux/github/pico-sdk/src/rp2_common/pico_stdio/stdio.c.o
 .text.stdio_buffered_printer
                0x10003f08       0x64 CMakeFiles/pico_mqtt.dir/home/narulinux/github/pico-sdk/src/rp2_common/pico_stdio/stdio.c.o
 .text.stdio_put_string
                0x10003f6c      0x100 CMakeFiles/pico_mqtt.dir/home/narulinux/github/pico-sdk/src/rp2_common/pico_stdio/stdio.c.o
                0x10003f6c                stdio_put_string
 .text.stdio_set_driver_enabled
                0x1000406c       0x30 CMakeFiles/pico_mqtt.dir/home/narulinux/github/pico-sdk/src/rp2_common/pico_stdio/stdio.c.o
                0x1000406c                stdio_set_driver_enabled
 .text.stdio_init_all
                0x1000409c       0x10 CMakeFiles/pico_mqtt.dir/home/narulinux/github/pico-sdk/src/rp2_common/pico_stdio/stdio.c.o
                0x1000409c                stdio_init_all
 .text.__wrap_putchar
                0x100040ac       0x98 CMakeFiles/pico_mqtt.dir/home/narulinux/github/pico-sdk/src/rp2_common/pico_stdio/stdio.c.o
                0x100040ac                stdio_putchar
                0x100040ac                __wrap_putchar
 .text.__wrap_puts
                0x10004144       0x3c CMakeFiles/pico_mqtt.dir/home/narulinux/github/pico-sdk/src/rp2_common/pico_stdio/stdio.c.o
                0x10004144                __wrap_puts
                0x10004144                stdio_puts
 .text.__wrap_vprintf
                0x10004180       0xd4 CMakeFiles/pico_mqtt.dir/home/narulinux/github/pico-sdk/src/rp2_common/pico_stdio/stdio.c.o
                0x10004180                __wrap_vprintf
                0x10004180                stdio_vprintf
 .text.__wrap_printf
                0x10004254       0x18 CMakeFiles/pico_mqtt.dir/home/narulinux/github/pico-sdk/src/rp2_common/pico_stdio/stdio.c.o
                0x10004254                stdio_printf
                0x10004254                __wrap_printf
 .text.stdio_uart_out_chars
                0x1000426c       0x4c CMakeFiles/pico_mqtt.dir/home/narulinux/github/pico-sdk/src/rp2_common/pico_stdio_uart/stdio_uart.c.o
 .text.stdio_uart_in_chars
                0x100042b8       0x90 CMakeFiles/pico_mqtt.dir/home/narulinux/github/pico-sdk/src/rp2_common/pico_stdio_uart/stdio_uart.c.o
                0x100042b8                stdio_uart_in_chars
 .text.on_uart_rx
                0x10004348       0x28 CMakeFiles/pico_mqtt.dir/home/narulinux/github/pico-sdk/src/rp2_common/pico_stdio_uart/stdio_uart.c.o
 .text.stdio_uart_out_flush
                0x10004370       0x14 CMakeFiles/pico_mqtt.dir/home/narulinux/github/pico-sdk/src/rp2_common/pico_stdio_uart/stdio_uart.c.o
 .text.stdio_uart_set_chars_available_callback
                0x10004384       0x84 CMakeFiles/pico_mqtt.dir/home/narulinux/github/pico-sdk/src/rp2_common/pico_stdio_uart/stdio_uart.c.o
 .text.stdio_uart_init
                0x10004408       0x50 CMakeFiles/pico_mqtt.dir/home/narulinux/github/pico-sdk/src/rp2_common/pico_stdio_uart/stdio_uart.c.o
                0x10004408                stdio_uart_init
 .text.resetd_init
                0x10004458        0x4 CMakeFiles/pico_mqtt.dir/home/narulinux/github/pico-sdk/src/rp2_common/pico_stdio_usb/reset_interface.c.o
 .text.resetd_reset
                0x1000445c        0xc CMakeFiles/pico_mqtt.dir/home/narulinux/github/pico-sdk/src/rp2_common/pico_stdio_usb/reset_interface.c.o
 .text.resetd_open
                0x10004468       0x28 CMakeFiles/pico_mqtt.dir/home/narulinux/github/pico-sdk/src/rp2_common/pico_stdio_usb/reset_interface.c.o
 .text.resetd_xfer_cb
                0x10004490        0x4 CMakeFiles/pico_mqtt.dir/home/narulinux/github/pico-sdk/src/rp2_common/pico_stdio_usb/reset_interface.c.o
 .text.resetd_control_xfer_cb
                0x10004494       0x5c CMakeFiles/pico_mqtt.dir/home/narulinux/github/pico-sdk/src/rp2_common/pico_stdio_usb/reset_interface.c.o
 .text.tud_descriptor_bos_cb
                0x100044f0        0x8 CMakeFiles/pico_mqtt.dir/home/narulinux/github/pico-sdk/src/rp2_common/pico_stdio_usb/reset_interface.c.o
                0x100044f0                tud_descriptor_bos_cb
 .text.tud_vendor_control_xfer_cb
                0x100044f8       0x34 CMakeFiles/pico_mqtt.dir/home/narulinux/github/pico-sdk/src/rp2_common/pico_stdio_usb/reset_interface.c.o
                0x100044f8                tud_vendor_control_xfer_cb
 .text.usbd_app_driver_get_cb
                0x1000452c        0xc CMakeFiles/pico_mqtt.dir/home/narulinux/github/pico-sdk/src/rp2_common/pico_stdio_usb/reset_interface.c.o
                0x1000452c                usbd_app_driver_get_cb
 .text.tud_cdc_line_coding_cb
                0x10004538       0x2c CMakeFiles/pico_mqtt.dir/home/narulinux/github/pico-sdk/src/rp2_common/pico_stdio_usb/reset_interface.c.o
                0x10004538                tud_cdc_line_coding_cb
 .text.stdio_usb_set_chars_available_callback
                0x10004564       0x14 CMakeFiles/pico_mqtt.dir/home/narulinux/github/pico-sdk/src/rp2_common/pico_stdio_usb/stdio_usb.c.o
                0x10004564                stdio_usb_set_chars_available_callback
 .text.usb_irq  0x10004578       0x10 CMakeFiles/pico_mqtt.dir/home/narulinux/github/pico-sdk/src/rp2_common/pico_stdio_usb/stdio_usb.c.o
 .text.timer_task
                0x10004588       0x64 CMakeFiles/pico_mqtt.dir/home/narulinux/github/pico-sdk/src/rp2_common/pico_stdio_usb/stdio_usb.c.o
 .text.stdio_usb_in_chars
                0x100045ec       0x90 CMakeFiles/pico_mqtt.dir/home/narulinux/github/pico-sdk/src/rp2_common/pico_stdio_usb/stdio_usb.c.o
                0x100045ec                stdio_usb_in_chars
 .text.stdio_usb_out_flush
                0x1000467c       0x50 CMakeFiles/pico_mqtt.dir/home/narulinux/github/pico-sdk/src/rp2_common/pico_stdio_usb/stdio_usb.c.o
 .text.stdio_usb_out_chars
                0x100046cc      0x104 CMakeFiles/pico_mqtt.dir/home/narulinux/github/pico-sdk/src/rp2_common/pico_stdio_usb/stdio_usb.c.o
 .text.low_priority_worker_irq
                0x100047d0       0xcc CMakeFiles/pico_mqtt.dir/home/narulinux/github/pico-sdk/src/rp2_common/pico_stdio_usb/stdio_usb.c.o
 .text.stdio_usb_init
                0x1000489c       0xec CMakeFiles/pico_mqtt.dir/home/narulinux/github/pico-sdk/src/rp2_common/pico_stdio_usb/stdio_usb.c.o
                0x1000489c                stdio_usb_init
 .text.tud_descriptor_device_cb
                0x10004988        0x8 CMakeFiles/pico_mqtt.dir/home/narulinux/github/pico-sdk/src/rp2_common/pico_stdio_usb/stdio_usb_descriptors.c.o
                0x10004988                tud_descriptor_device_cb
 .text.tud_descriptor_configuration_cb
                0x10004990        0x8 CMakeFiles/pico_mqtt.dir/home/narulinux/github/pico-sdk/src/rp2_common/pico_stdio_usb/stdio_usb_descriptors.c.o
                0x10004990                tud_descriptor_configuration_cb
 .text.tud_descriptor_string_cb
                0x10004998       0x78 CMakeFiles/pico_mqtt.dir/home/narulinux/github/pico-sdk/src/rp2_common/pico_stdio_usb/stdio_usb_descriptors.c.o
                0x10004998                tud_descriptor_string_cb
 .text.startup._retrieve_unique_id_on_boot
                0x10004a10       0x10 CMakeFiles/pico_mqtt.dir/home/narulinux/github/pico-sdk/src/rp2_common/pico_unique_id/unique_id.c.o
 .text.pico_get_unique_board_id
                0x10004a20       0x10 CMakeFiles/pico_mqtt.dir/home/narulinux/github/pico-sdk/src/rp2_common/pico_unique_id/unique_id.c.o
                0x10004a20                pico_get_unique_board_id
 .text.pico_get_unique_board_id_string
                0x10004a30      0x1a8 CMakeFiles/pico_mqtt.dir/home/narulinux/github/pico-sdk/src/rp2_common/pico_unique_id/unique_id.c.o
                0x10004a30                pico_get_unique_board_id_string
 .text.flash_get_unique_id
                0x10004bd8       0x3c CMakeFiles/pico_mqtt.dir/home/narulinux/github/pico-sdk/src/rp2_common/hardware_flash/flash.c.o
                0x10004bd8                flash_get_unique_id
 .text.dcd_init
                0x10004c14       0x90 CMakeFiles/pico_mqtt.dir/home/narulinux/github/pico-sdk/lib/tinyusb/src/portable/raspberrypi/rp2040/dcd_rp2040.c.o
                0x10004c14                dcd_init
 .text.dcd_int_enable
                0x10004ca4        0xc CMakeFiles/pico_mqtt.dir/home/narulinux/github/pico-sdk/lib/tinyusb/src/portable/raspberrypi/rp2040/dcd_rp2040.c.o
                0x10004ca4                dcd_int_enable
 .text.dcd_set_address
                0x10004cb0       0x14 CMakeFiles/pico_mqtt.dir/home/narulinux/github/pico-sdk/lib/tinyusb/src/portable/raspberrypi/rp2040/dcd_rp2040.c.o
                0x10004cb0                dcd_set_address
 .text.dcd_sof_enable
                0x10004cc4       0x1c CMakeFiles/pico_mqtt.dir/home/narulinux/github/pico-sdk/lib/tinyusb/src/portable/raspberrypi/rp2040/dcd_rp2040.c.o
                0x10004cc4                dcd_sof_enable
 .text.dcd_edpt0_status_complete
                0x10004ce0       0x1c CMakeFiles/pico_mqtt.dir/home/narulinux/github/pico-sdk/lib/tinyusb/src/portable/raspberrypi/rp2040/dcd_rp2040.c.o
                0x10004ce0                dcd_edpt0_status_complete
 .text.dcd_edpt_open
                0x10004cfc      0x114 CMakeFiles/pico_mqtt.dir/home/narulinux/github/pico-sdk/lib/tinyusb/src/portable/raspberrypi/rp2040/dcd_rp2040.c.o
                0x10004cfc                dcd_edpt_open
 .text.dcd_edpt_close_all
                0x10004e10        0x8 CMakeFiles/pico_mqtt.dir/home/narulinux/github/pico-sdk/lib/tinyusb/src/portable/raspberrypi/rp2040/dcd_rp2040.c.o
                0x10004e10                dcd_edpt_close_all
 .text.dcd_edpt_xfer
                0x10004e18       0x24 CMakeFiles/pico_mqtt.dir/home/narulinux/github/pico-sdk/lib/tinyusb/src/portable/raspberrypi/rp2040/dcd_rp2040.c.o
                0x10004e18                dcd_edpt_xfer
 .text.dcd_edpt_stall
                0x10004e3c       0x34 CMakeFiles/pico_mqtt.dir/home/narulinux/github/pico-sdk/lib/tinyusb/src/portable/raspberrypi/rp2040/dcd_rp2040.c.o
                0x10004e3c                dcd_edpt_stall
 .text.dcd_edpt_clear_stall
                0x10004e70       0x30 CMakeFiles/pico_mqtt.dir/home/narulinux/github/pico-sdk/lib/tinyusb/src/portable/raspberrypi/rp2040/dcd_rp2040.c.o
                0x10004e70                dcd_edpt_clear_stall
 .text.rp2040_usb_init
                0x10004ea0       0x40 CMakeFiles/pico_mqtt.dir/home/narulinux/github/pico-sdk/lib/tinyusb/src/portable/raspberrypi/rp2040/rp2040_usb.c.o
                0x10004ea0                rp2040_usb_init
 .text.hw_endpoint_xfer_start
                0x10004ee0       0x40 CMakeFiles/pico_mqtt.dir/home/narulinux/github/pico-sdk/lib/tinyusb/src/portable/raspberrypi/rp2040/rp2040_usb.c.o
                0x10004ee0                hw_endpoint_xfer_start
 .text.tud_event_hook_cb
                0x10004f20        0x4 CMakeFiles/pico_mqtt.dir/home/narulinux/github/pico-sdk/lib/tinyusb/src/device/usbd.c.o
                0x10004f20                tud_event_hook_cb
 .text.tud_sof_cb
                0x10004f24        0x4 CMakeFiles/pico_mqtt.dir/home/narulinux/github/pico-sdk/lib/tinyusb/src/device/usbd.c.o
                0x10004f24                tud_sof_cb
 .text.tud_descriptor_device_qualifier_cb
                0x10004f28        0x4 CMakeFiles/pico_mqtt.dir/home/narulinux/github/pico-sdk/lib/tinyusb/src/device/usbd.c.o
                0x10004f28                tud_descriptor_device_qualifier_cb
 .text.tud_descriptor_other_speed_configuration_cb
                0x10004f2c        0x4 CMakeFiles/pico_mqtt.dir/home/narulinux/github/pico-sdk/lib/tinyusb/src/device/usbd.c.o
                0x10004f2c                tud_descriptor_other_speed_configuration_cb
 .text.tud_mount_cb
                0x10004f30        0x4 CMakeFiles/pico_mqtt.dir/home/narulinux/github/pico-sdk/lib/tinyusb/src/device/usbd.c.o
                0x10004f30                tud_mount_cb
 .text.tud_umount_cb
                0x10004f34        0x4 CMakeFiles/pico_mqtt.dir/home/narulinux/github/pico-sdk/lib/tinyusb/src/device/usbd.c.o
                0x10004f34                tud_umount_cb
 .text.tud_suspend_cb
                0x10004f38        0x4 CMakeFiles/pico_mqtt.dir/home/narulinux/github/pico-sdk/lib/tinyusb/src/device/usbd.c.o
                0x10004f38                tud_suspend_cb
 .text.tud_resume_cb
                0x10004f3c        0x4 CMakeFiles/pico_mqtt.dir/home/narulinux/github/pico-sdk/lib/tinyusb/src/device/usbd.c.o
                0x10004f3c                tud_resume_cb
 .text.tud_mounted
                0x10004f40       0x10 CMakeFiles/pico_mqtt.dir/home/narulinux/github/pico-sdk/lib/tinyusb/src/device/usbd.c.o
                0x10004f40                tud_mounted
 .text.tud_suspended
                0x10004f50       0x10 CMakeFiles/pico_mqtt.dir/home/narulinux/github/pico-sdk/lib/tinyusb/src/device/usbd.c.o
                0x10004f50                tud_suspended
 .text.tud_rhport_init
                0x10004f60       0xfc CMakeFiles/pico_mqtt.dir/home/narulinux/github/pico-sdk/lib/tinyusb/src/device/usbd.c.o
                0x10004f60                tud_rhport_init
 .text.tud_task_ext
                0x1000505c      0x800 CMakeFiles/pico_mqtt.dir/home/narulinux/github/pico-sdk/lib/tinyusb/src/device/usbd.c.o
                0x1000505c                tud_task_ext
 .text.usbd_open_edpt_pair
                0x1000585c       0x9c CMakeFiles/pico_mqtt.dir/home/narulinux/github/pico-sdk/lib/tinyusb/src/device/usbd.c.o
                0x1000585c                usbd_open_edpt_pair
 .text.usbd_edpt_open
                0x100058f8       0x34 CMakeFiles/pico_mqtt.dir/home/narulinux/github/pico-sdk/lib/tinyusb/src/device/usbd.c.o
                0x100058f8                usbd_edpt_open
 .text.usbd_edpt_claim
                0x1000592c       0x28 CMakeFiles/pico_mqtt.dir/home/narulinux/github/pico-sdk/lib/tinyusb/src/device/usbd.c.o
                0x1000592c                usbd_edpt_claim
 .text.usbd_edpt_release
                0x10005954       0x28 CMakeFiles/pico_mqtt.dir/home/narulinux/github/pico-sdk/lib/tinyusb/src/device/usbd.c.o
                0x10005954                usbd_edpt_release
 .text.usbd_edpt_xfer
                0x1000597c       0x4c CMakeFiles/pico_mqtt.dir/home/narulinux/github/pico-sdk/lib/tinyusb/src/device/usbd.c.o
                0x1000597c                usbd_edpt_xfer
 .text.tud_control_status
                0x100059c8       0x2c CMakeFiles/pico_mqtt.dir/home/narulinux/github/pico-sdk/lib/tinyusb/src/device/usbd_control.c.o
                0x100059c8                tud_control_status
 .text.tud_control_xfer
                0x100059f4       0xac CMakeFiles/pico_mqtt.dir/home/narulinux/github/pico-sdk/lib/tinyusb/src/device/usbd_control.c.o
                0x100059f4                tud_control_xfer
 .text.usbd_control_reset
                0x10005aa0       0x14 CMakeFiles/pico_mqtt.dir/home/narulinux/github/pico-sdk/lib/tinyusb/src/device/usbd_control.c.o
                0x10005aa0                usbd_control_reset
 .text.usbd_control_set_complete_callback
                0x10005ab4        0xc CMakeFiles/pico_mqtt.dir/home/narulinux/github/pico-sdk/lib/tinyusb/src/device/usbd_control.c.o
                0x10005ab4                usbd_control_set_complete_callback
 .text.usbd_control_set_request
                0x10005ac0       0x1c CMakeFiles/pico_mqtt.dir/home/narulinux/github/pico-sdk/lib/tinyusb/src/device/usbd_control.c.o
                0x10005ac0                usbd_control_set_request
 .text.usbd_control_xfer_cb
                0x10005adc       0xec CMakeFiles/pico_mqtt.dir/home/narulinux/github/pico-sdk/lib/tinyusb/src/device/usbd_control.c.o
                0x10005adc                usbd_control_xfer_cb
 .text._prep_out_transaction.isra.0
                0x10005bc8       0x6c CMakeFiles/pico_mqtt.dir/home/narulinux/github/pico-sdk/lib/tinyusb/src/class/cdc/cdc_device.c.o
 .text.tud_cdc_n_connected
                0x10005c34       0x2c CMakeFiles/pico_mqtt.dir/home/narulinux/github/pico-sdk/lib/tinyusb/src/class/cdc/cdc_device.c.o
                0x10005c34                tud_cdc_n_connected
 .text.tud_cdc_n_available
                0x10005c60       0x14 CMakeFiles/pico_mqtt.dir/home/narulinux/github/pico-sdk/lib/tinyusb/src/class/cdc/cdc_device.c.o
                0x10005c60                tud_cdc_n_available
 .text.tud_cdc_n_read
                0x10005c74       0x94 CMakeFiles/pico_mqtt.dir/home/narulinux/github/pico-sdk/lib/tinyusb/src/class/cdc/cdc_device.c.o
                0x10005c74                tud_cdc_n_read
 .text.tud_cdc_n_write_flush
                0x10005d08       0x74 CMakeFiles/pico_mqtt.dir/home/narulinux/github/pico-sdk/lib/tinyusb/src/class/cdc/cdc_device.c.o
                0x10005d08                tud_cdc_n_write_flush
 .text.tud_cdc_n_write
                0x10005d7c       0x40 CMakeFiles/pico_mqtt.dir/home/narulinux/github/pico-sdk/lib/tinyusb/src/class/cdc/cdc_device.c.o
                0x10005d7c                tud_cdc_n_write
 .text.tud_cdc_n_write_available
                0x10005dbc       0x14 CMakeFiles/pico_mqtt.dir/home/narulinux/github/pico-sdk/lib/tinyusb/src/class/cdc/cdc_device.c.o
                0x10005dbc                tud_cdc_n_write_available
 .text.cdcd_init
                0x10005dd0       0x70 CMakeFiles/pico_mqtt.dir/home/narulinux/github/pico-sdk/lib/tinyusb/src/class/cdc/cdc_device.c.o
                0x10005dd0                cdcd_init
 .text.cdcd_deinit
                0x10005e40       0x34 CMakeFiles/pico_mqtt.dir/home/narulinux/github/pico-sdk/lib/tinyusb/src/class/cdc/cdc_device.c.o
                0x10005e40                cdcd_deinit
 .text.cdcd_reset
                0x10005e74       0x4c CMakeFiles/pico_mqtt.dir/home/narulinux/github/pico-sdk/lib/tinyusb/src/class/cdc/cdc_device.c.o
                0x10005e74                cdcd_reset
 .text.cdcd_open
                0x10005ec0       0xa8 CMakeFiles/pico_mqtt.dir/home/narulinux/github/pico-sdk/lib/tinyusb/src/class/cdc/cdc_device.c.o
                0x10005ec0                cdcd_open
 .text.cdcd_control_xfer_cb
                0x10005f68       0xe8 CMakeFiles/pico_mqtt.dir/home/narulinux/github/pico-sdk/lib/tinyusb/src/class/cdc/cdc_device.c.o
                0x10005f68                cdcd_control_xfer_cb
 .text.cdcd_xfer_cb
                0x10006050      0x100 CMakeFiles/pico_mqtt.dir/home/narulinux/github/pico-sdk/lib/tinyusb/src/class/cdc/cdc_device.c.o
                0x10006050                cdcd_xfer_cb
 .text.vendord_init
                0x10006150       0x5c CMakeFiles/pico_mqtt.dir/home/narulinux/github/pico-sdk/lib/tinyusb/src/class/vendor/vendor_device.c.o
                0x10006150                vendord_init
 .text.vendord_deinit
                0x100061ac       0x1c CMakeFiles/pico_mqtt.dir/home/narulinux/github/pico-sdk/lib/tinyusb/src/class/vendor/vendor_device.c.o
                0x100061ac                vendord_deinit
 .text.vendord_reset
                0x100061c8       0x28 CMakeFiles/pico_mqtt.dir/home/narulinux/github/pico-sdk/lib/tinyusb/src/class/vendor/vendor_device.c.o
                0x100061c8                vendord_reset
 .text.vendord_open
                0x100061f0      0x128 CMakeFiles/pico_mqtt.dir/home/narulinux/github/pico-sdk/lib/tinyusb/src/class/vendor/vendor_device.c.o
                0x100061f0                vendord_open
 .text.vendord_xfer_cb
                0x10006318       0x9c CMakeFiles/pico_mqtt.dir/home/narulinux/github/pico-sdk/lib/tinyusb/src/class/vendor/vendor_device.c.o
                0x10006318                vendord_xfer_cb
 .text.tusb_rhport_init
                0x100063b4       0x48 CMakeFiles/pico_mqtt.dir/home/narulinux/github/pico-sdk/lib/tinyusb/src/tusb.c.o
                0x100063b4                tusb_rhport_init
 .text.tu_edpt_claim
                0x100063fc       0x50 CMakeFiles/pico_mqtt.dir/home/narulinux/github/pico-sdk/lib/tinyusb/src/tusb.c.o
                0x100063fc                tu_edpt_claim
 .text.tu_edpt_release
                0x1000644c       0x38 CMakeFiles/pico_mqtt.dir/home/narulinux/github/pico-sdk/lib/tinyusb/src/tusb.c.o
                0x1000644c                tu_edpt_release
 .text.tu_edpt_validate
                0x10006484       0x7c CMakeFiles/pico_mqtt.dir/home/narulinux/github/pico-sdk/lib/tinyusb/src/tusb.c.o
                0x10006484                tu_edpt_validate
 .text.tu_edpt_bind_driver
                0x10006500       0x34 CMakeFiles/pico_mqtt.dir/home/narulinux/github/pico-sdk/lib/tinyusb/src/tusb.c.o
                0x10006500                tu_edpt_bind_driver
 .text.tu_edpt_stream_init
                0x10006534       0x6c CMakeFiles/pico_mqtt.dir/home/narulinux/github/pico-sdk/lib/tinyusb/src/tusb.c.o
                0x10006534                tu_edpt_stream_init
 .text.tu_edpt_stream_deinit
                0x100065a0        0x4 CMakeFiles/pico_mqtt.dir/home/narulinux/github/pico-sdk/lib/tinyusb/src/tusb.c.o
                0x100065a0                tu_edpt_stream_deinit
 .text.tu_edpt_stream_write_zlp_if_needed
                0x100065a4       0x68 CMakeFiles/pico_mqtt.dir/home/narulinux/github/pico-sdk/lib/tinyusb/src/tusb.c.o
                0x100065a4                tu_edpt_stream_write_zlp_if_needed
 .text.tu_edpt_stream_write_xfer
                0x1000660c       0x64 CMakeFiles/pico_mqtt.dir/home/narulinux/github/pico-sdk/lib/tinyusb/src/tusb.c.o
                0x1000660c                tu_edpt_stream_write_xfer
 .text.tu_edpt_stream_read_xfer
                0x10006670       0xdc CMakeFiles/pico_mqtt.dir/home/narulinux/github/pico-sdk/lib/tinyusb/src/tusb.c.o
                0x10006670                tu_edpt_stream_read_xfer
 .text.tu_fifo_config
                0x1000674c       0x6c CMakeFiles/pico_mqtt.dir/home/narulinux/github/pico-sdk/lib/tinyusb/src/common/tusb_fifo.c.o
                0x1000674c                tu_fifo_config
 .text.tu_fifo_count
                0x100067b8       0x2c CMakeFiles/pico_mqtt.dir/home/narulinux/github/pico-sdk/lib/tinyusb/src/common/tusb_fifo.c.o
                0x100067b8                tu_fifo_count
 .text.tu_fifo_empty
                0x100067e4       0x10 CMakeFiles/pico_mqtt.dir/home/narulinux/github/pico-sdk/lib/tinyusb/src/common/tusb_fifo.c.o
                0x100067e4                tu_fifo_empty
 .text.tu_fifo_remaining
                0x100067f4       0x2c CMakeFiles/pico_mqtt.dir/home/narulinux/github/pico-sdk/lib/tinyusb/src/common/tusb_fifo.c.o
                0x100067f4                tu_fifo_remaining
 .text.tu_fifo_read
                0x10006820       0x9c CMakeFiles/pico_mqtt.dir/home/narulinux/github/pico-sdk/lib/tinyusb/src/common/tusb_fifo.c.o
                0x10006820                tu_fifo_read
 .text.tu_fifo_read_n
                0x100068bc       0xe8 CMakeFiles/pico_mqtt.dir/home/narulinux/github/pico-sdk/lib/tinyusb/src/common/tusb_fifo.c.o
                0x100068bc                tu_fifo_read_n
 .text.tu_fifo_write
                0x100069a4       0xa8 CMakeFiles/pico_mqtt.dir/home/narulinux/github/pico-sdk/lib/tinyusb/src/common/tusb_fifo.c.o
                0x100069a4                tu_fifo_write
 .text.tu_fifo_write_n
                0x10006a4c      0x178 CMakeFiles/pico_mqtt.dir/home/narulinux/github/pico-sdk/lib/tinyusb/src/common/tusb_fifo.c.o
                0x10006a4c                tu_fifo_write_n
 .text.tu_fifo_clear
                0x10006bc4       0x40 CMakeFiles/pico_mqtt.dir/home/narulinux/github/pico-sdk/lib/tinyusb/src/common/tusb_fifo.c.o
                0x10006bc4                tu_fifo_clear
 .text.tu_fifo_set_overwritable
                0x10006c04       0x48 CMakeFiles/pico_mqtt.dir/home/narulinux/github/pico-sdk/lib/tinyusb/src/common/tusb_fifo.c.o
                0x10006c04                tu_fifo_set_overwritable
 .text.lwip_timeout_reached
                0x10006c4c        0x8 CMakeFiles/pico_mqtt.dir/home/narulinux/github/pico-sdk/src/rp2_common/pico_lwip/lwip_nosys.c.o
 .text.update_next_timeout
                0x10006c54       0x60 CMakeFiles/pico_mqtt.dir/home/narulinux/github/pico-sdk/src/rp2_common/pico_lwip/lwip_nosys.c.o
 .text.lwip_nosys_init
                0x10006cb4       0x30 CMakeFiles/pico_mqtt.dir/home/narulinux/github/pico-sdk/src/rp2_common/pico_lwip/lwip_nosys.c.o
                0x10006cb4                lwip_nosys_init
 .text.lwip_nosys_deinit
                0x10006ce4       0x20 CMakeFiles/pico_mqtt.dir/home/narulinux/github/pico-sdk/src/rp2_common/pico_lwip/lwip_nosys.c.o
                0x10006ce4                lwip_nosys_deinit
 .text.sys_arch_protect
                0x10006d04        0x4 CMakeFiles/pico_mqtt.dir/home/narulinux/github/pico-sdk/src/rp2_common/pico_lwip/lwip_nosys.c.o
                0x10006d04                sys_arch_protect
 .text.sys_arch_unprotect
                0x10006d08        0x4 CMakeFiles/pico_mqtt.dir/home/narulinux/github/pico-sdk/src/rp2_common/pico_lwip/lwip_nosys.c.o
                0x10006d08                sys_arch_unprotect
 .text.sys_now  0x10006d0c       0x20 CMakeFiles/pico_mqtt.dir/home/narulinux/github/pico-sdk/src/rp2_common/pico_lwip/lwip_nosys.c.o
                0x10006d0c                sys_now
 .text.async_context_base_add_at_time_worker
                0x10006d2c       0x24 CMakeFiles/pico_mqtt.dir/home/narulinux/github/pico-sdk/src/rp2_common/pico_async_context/async_context_base.c.o
                0x10006d2c                async_context_base_add_at_time_worker
 .text.async_context_base_remove_at_time_worker
                0x10006d50       0x28 CMakeFiles/pico_mqtt.dir/home/narulinux/github/pico-sdk/src/rp2_common/pico_async_context/async_context_base.c.o
                0x10006d50                async_context_base_remove_at_time_worker
 .text.async_context_base_add_when_pending_worker
                0x10006d78       0x24 CMakeFiles/pico_mqtt.dir/home/narulinux/github/pico-sdk/src/rp2_common/pico_async_context/async_context_base.c.o
                0x10006d78                async_context_base_add_when_pending_worker
 .text.async_context_base_remove_when_pending_worker
                0x10006d9c       0x28 CMakeFiles/pico_mqtt.dir/home/narulinux/github/pico-sdk/src/rp2_common/pico_async_context/async_context_base.c.o
                0x10006d9c                async_context_base_remove_when_pending_worker
 .text.async_context_base_execute_once
                0x10006dc4      0x108 CMakeFiles/pico_mqtt.dir/home/narulinux/github/pico-sdk/src/rp2_common/pico_async_context/async_context_base.c.o
                0x10006dc4                async_context_base_execute_once
 .text.splitmix64
                0x10006ecc       0x58 CMakeFiles/pico_mqtt.dir/home/narulinux/github/pico-sdk/src/rp2_common/pico_rand/rand.c.o
 .text.xoroshiro128ss
                0x10006f24       0x90 CMakeFiles/pico_mqtt.dir/home/narulinux/github/pico-sdk/src/rp2_common/pico_rand/rand.c.o
 .text.get_rand_64
                0x10006fb4      0x4a4 CMakeFiles/pico_mqtt.dir/home/narulinux/github/pico-sdk/src/rp2_common/pico_rand/rand.c.o
                0x10006fb4                get_rand_64
 .text.get_rand_32
                0x10007458        0x8 CMakeFiles/pico_mqtt.dir/home/narulinux/github/pico-sdk/src/rp2_common/pico_rand/rand.c.o
                0x10007458                get_rand_32
 .text.lwip_init
                0x10007460       0x24 CMakeFiles/pico_mqtt.dir/home/narulinux/github/pico-sdk/lib/lwip/src/core/init.c.o
                0x10007460                lwip_init
 .text.lwip_htons
                0x10007484        0x8 CMakeFiles/pico_mqtt.dir/home/narulinux/github/pico-sdk/lib/lwip/src/core/def.c.o
                0x10007484                lwip_htons
 .text.lwip_htonl
                0x1000748c        0x4 CMakeFiles/pico_mqtt.dir/home/narulinux/github/pico-sdk/lib/lwip/src/core/def.c.o
                0x1000748c                lwip_htonl
 .text.dns_call_found
                0x10007490      0x184 CMakeFiles/pico_mqtt.dir/home/narulinux/github/pico-sdk/lib/lwip/src/core/dns.c.o
 .text.dns_send.isra.0
                0x10007614      0x174 CMakeFiles/pico_mqtt.dir/home/narulinux/github/pico-sdk/lib/lwip/src/core/dns.c.o
 .text.dns_init
                0x10007788        0x4 CMakeFiles/pico_mqtt.dir/home/narulinux/github/pico-sdk/lib/lwip/src/core/dns.c.o
                0x10007788                dns_init
 .text.dns_setserver
                0x1000778c       0x24 CMakeFiles/pico_mqtt.dir/home/narulinux/github/pico-sdk/lib/lwip/src/core/dns.c.o
                0x1000778c                dns_setserver
 .text.dns_tmr  0x100077b0      0x140 CMakeFiles/pico_mqtt.dir/home/narulinux/github/pico-sdk/lib/lwip/src/core/dns.c.o
                0x100077b0                dns_tmr
 .text.lwip_standard_chksum
                0x100078f0       0xdc CMakeFiles/pico_mqtt.dir/home/narulinux/github/pico-sdk/lib/lwip/src/core/inet_chksum.c.o
                0x100078f0                lwip_standard_chksum
 .text.inet_chksum_pseudo
                0x100079cc       0xbc CMakeFiles/pico_mqtt.dir/home/narulinux/github/pico-sdk/lib/lwip/src/core/inet_chksum.c.o
                0x100079cc                inet_chksum_pseudo
 .text.ip_chksum_pseudo
                0x10007a88       0x10 CMakeFiles/pico_mqtt.dir/home/narulinux/github/pico-sdk/lib/lwip/src/core/inet_chksum.c.o
                0x10007a88                ip_chksum_pseudo
 .text.inet_chksum
                0x10007a98        0xc CMakeFiles/pico_mqtt.dir/home/narulinux/github/pico-sdk/lib/lwip/src/core/inet_chksum.c.o
                0x10007a98                inet_chksum
 .text.mem_init
                0x10007aa4       0x3c CMakeFiles/pico_mqtt.dir/home/narulinux/github/pico-sdk/lib/lwip/src/core/mem.c.o
                0x10007aa4                mem_init
 .text.mem_free
                0x10007ae0      0x130 CMakeFiles/pico_mqtt.dir/home/narulinux/github/pico-sdk/lib/lwip/src/core/mem.c.o
                0x10007ae0                mem_free
 .text.mem_trim
                0x10007c10      0x104 CMakeFiles/pico_mqtt.dir/home/narulinux/github/pico-sdk/lib/lwip/src/core/mem.c.o
                0x10007c10                mem_trim
 .text.mem_malloc
                0x10007d14      0x124 CMakeFiles/pico_mqtt.dir/home/narulinux/github/pico-sdk/lib/lwip/src/core/mem.c.o
                0x10007d14                mem_malloc
 .text.memp_init
                0x10007e38       0x6c CMakeFiles/pico_mqtt.dir/home/narulinux/github/pico-sdk/lib/lwip/src/core/memp.c.o
                0x10007e38                memp_init
 .text.memp_malloc
                0x10007ea4       0x40 CMakeFiles/pico_mqtt.dir/home/narulinux/github/pico-sdk/lib/lwip/src/core/memp.c.o
                0x10007ea4                memp_malloc
 .text.memp_free
                0x10007ee4       0x38 CMakeFiles/pico_mqtt.dir/home/narulinux/github/pico-sdk/lib/lwip/src/core/memp.c.o
                0x10007ee4                memp_free
 .text.netif_do_set_ipaddr.isra.0
                0x10007f1c       0x60 CMakeFiles/pico_mqtt.dir/home/narulinux/github/pico-sdk/lib/lwip/src/core/netif.c.o
 .text.netif_init
                0x10007f7c        0x4 CMakeFiles/pico_mqtt.dir/home/narulinux/github/pico-sdk/lib/lwip/src/core/netif.c.o
                0x10007f7c                netif_init
 .text.netif_set_addr
                0x10007f80       0xb4 CMakeFiles/pico_mqtt.dir/home/narulinux/github/pico-sdk/lib/lwip/src/core/netif.c.o
                0x10007f80                netif_set_addr
 .text.netif_remove
                0x10008034       0x94 CMakeFiles/pico_mqtt.dir/home/narulinux/github/pico-sdk/lib/lwip/src/core/netif.c.o
                0x10008034                netif_remove
 .text.netif_set_link_up
                0x100080c8       0x44 CMakeFiles/pico_mqtt.dir/home/narulinux/github/pico-sdk/lib/lwip/src/core/netif.c.o
                0x100080c8                netif_set_link_up
 .text.netif_set_link_down
                0x1000810c       0x20 CMakeFiles/pico_mqtt.dir/home/narulinux/github/pico-sdk/lib/lwip/src/core/netif.c.o
                0x1000810c                netif_set_link_down
 .text.netif_get_by_index
                0x1000812c       0x2c CMakeFiles/pico_mqtt.dir/home/narulinux/github/pico-sdk/lib/lwip/src/core/netif.c.o
                0x1000812c                netif_get_by_index
 .text.pbuf_free.part.0
                0x10008158       0x7c CMakeFiles/pico_mqtt.dir/home/narulinux/github/pico-sdk/lib/lwip/src/core/pbuf.c.o
 .text.pbuf_free_ooseq
                0x100081d4       0x34 CMakeFiles/pico_mqtt.dir/home/narulinux/github/pico-sdk/lib/lwip/src/core/pbuf.c.o
                0x100081d4                pbuf_free_ooseq
 .text.pbuf_alloc
                0x10008208      0x134 CMakeFiles/pico_mqtt.dir/home/narulinux/github/pico-sdk/lib/lwip/src/core/pbuf.c.o
                0x10008208                pbuf_alloc
 .text.pbuf_realloc
                0x1000833c       0x84 CMakeFiles/pico_mqtt.dir/home/narulinux/github/pico-sdk/lib/lwip/src/core/pbuf.c.o
                0x1000833c                pbuf_realloc
 .text.pbuf_add_header
                0x100083c0       0x50 CMakeFiles/pico_mqtt.dir/home/narulinux/github/pico-sdk/lib/lwip/src/core/pbuf.c.o
                0x100083c0                pbuf_add_header
 .text.pbuf_free
                0x10008410       0x18 CMakeFiles/pico_mqtt.dir/home/narulinux/github/pico-sdk/lib/lwip/src/core/pbuf.c.o
                0x10008410                pbuf_free
 .text.pbuf_clen
                0x10008428       0x14 CMakeFiles/pico_mqtt.dir/home/narulinux/github/pico-sdk/lib/lwip/src/core/pbuf.c.o
                0x10008428                pbuf_clen
 .text.pbuf_chain
                0x1000843c       0x64 CMakeFiles/pico_mqtt.dir/home/narulinux/github/pico-sdk/lib/lwip/src/core/pbuf.c.o
                0x1000843c                pbuf_chain
 .text.pbuf_copy_partial_pbuf
                0x100084a0      0x148 CMakeFiles/pico_mqtt.dir/home/narulinux/github/pico-sdk/lib/lwip/src/core/pbuf.c.o
                0x100084a0                pbuf_copy_partial_pbuf
 .text.pbuf_copy_partial
                0x100085e8       0x68 CMakeFiles/pico_mqtt.dir/home/narulinux/github/pico-sdk/lib/lwip/src/core/pbuf.c.o
                0x100085e8                pbuf_copy_partial
 .text.pbuf_take
                0x10008650       0x78 CMakeFiles/pico_mqtt.dir/home/narulinux/github/pico-sdk/lib/lwip/src/core/pbuf.c.o
                0x10008650                pbuf_take
 .text.pbuf_take_at
                0x100086c8       0xcc CMakeFiles/pico_mqtt.dir/home/narulinux/github/pico-sdk/lib/lwip/src/core/pbuf.c.o
                0x100086c8                pbuf_take_at
 .text.pbuf_put_at
                0x10008794       0x1c CMakeFiles/pico_mqtt.dir/home/narulinux/github/pico-sdk/lib/lwip/src/core/pbuf.c.o
                0x10008794                pbuf_put_at
 .text.raw_netif_ip_addr_changed
                0x100087b0       0x40 CMakeFiles/pico_mqtt.dir/home/narulinux/github/pico-sdk/lib/lwip/src/core/raw.c.o
                0x100087b0                raw_netif_ip_addr_changed
 .text.stats_init
                0x100087f0        0x4 CMakeFiles/pico_mqtt.dir/home/narulinux/github/pico-sdk/lib/lwip/src/core/stats.c.o
                0x100087f0                stats_init
 .text.tcp_close_shutdown_fin
                0x100087f4       0x54 CMakeFiles/pico_mqtt.dir/home/narulinux/github/pico-sdk/lib/lwip/src/core/tcp.c.o
 .text.tcp_pcb_purge.part.0
                0x10008848       0xc4 CMakeFiles/pico_mqtt.dir/home/narulinux/github/pico-sdk/lib/lwip/src/core/tcp.c.o
 .text.tcp_init
                0x1000890c       0x20 CMakeFiles/pico_mqtt.dir/home/narulinux/github/pico-sdk/lib/lwip/src/core/tcp.c.o
                0x1000890c                tcp_init
 .text.tcp_recved
                0x1000892c       0x98 CMakeFiles/pico_mqtt.dir/home/narulinux/github/pico-sdk/lib/lwip/src/core/tcp.c.o
                0x1000892c                tcp_recved
 .text.tcp_slowtmr
                0x100089c4      0x524 CMakeFiles/pico_mqtt.dir/home/narulinux/github/pico-sdk/lib/lwip/src/core/tcp.c.o
                0x100089c4                tcp_slowtmr
 .text.tcp_seg_free
                0x10008ee8       0x1c CMakeFiles/pico_mqtt.dir/home/narulinux/github/pico-sdk/lib/lwip/src/core/tcp.c.o
                0x10008ee8                tcp_seg_free
 .text.tcp_pcb_remove
                0x10008f04       0xc8 CMakeFiles/pico_mqtt.dir/home/narulinux/github/pico-sdk/lib/lwip/src/core/tcp.c.o
                0x10008f04                tcp_pcb_remove
 .text.tcp_abandon
                0x10008fcc      0x1a0 CMakeFiles/pico_mqtt.dir/home/narulinux/github/pico-sdk/lib/lwip/src/core/tcp.c.o
                0x10008fcc                tcp_abandon
 .text.tcp_process_refused_data
                0x1000916c       0x78 CMakeFiles/pico_mqtt.dir/home/narulinux/github/pico-sdk/lib/lwip/src/core/tcp.c.o
                0x1000916c                tcp_process_refused_data
 .text.tcp_fasttmr
                0x100091e4       0x98 CMakeFiles/pico_mqtt.dir/home/narulinux/github/pico-sdk/lib/lwip/src/core/tcp.c.o
                0x100091e4                tcp_fasttmr
 .text.tcp_tmr  0x1000927c       0x20 CMakeFiles/pico_mqtt.dir/home/narulinux/github/pico-sdk/lib/lwip/src/core/tcp.c.o
                0x1000927c                tcp_tmr
 .text.tcp_eff_send_mss_netif
                0x1000929c       0x34 CMakeFiles/pico_mqtt.dir/home/narulinux/github/pico-sdk/lib/lwip/src/core/tcp.c.o
                0x1000929c                tcp_eff_send_mss_netif
 .text.tcp_netif_ip_addr_changed
                0x100092d0       0x94 CMakeFiles/pico_mqtt.dir/home/narulinux/github/pico-sdk/lib/lwip/src/core/tcp.c.o
                0x100092d0                tcp_netif_ip_addr_changed
 .text.tcp_free_ooseq
                0x10009364       0x40 CMakeFiles/pico_mqtt.dir/home/narulinux/github/pico-sdk/lib/lwip/src/core/tcp.c.o
                0x10009364                tcp_free_ooseq
 .text.tcp_create_segment
                0x100093a4       0xf8 CMakeFiles/pico_mqtt.dir/home/narulinux/github/pico-sdk/lib/lwip/src/core/tcp_out.c.o
 .text.tcp_output_control_segment
                0x1000949c       0xc0 CMakeFiles/pico_mqtt.dir/home/narulinux/github/pico-sdk/lib/lwip/src/core/tcp_out.c.o
 .text.tcp_output_alloc_header.constprop.0
                0x1000955c       0xc8 CMakeFiles/pico_mqtt.dir/home/narulinux/github/pico-sdk/lib/lwip/src/core/tcp_out.c.o
 .text.tcp_split_unsent_seg
                0x10009624      0x1b4 CMakeFiles/pico_mqtt.dir/home/narulinux/github/pico-sdk/lib/lwip/src/core/tcp_out.c.o
                0x10009624                tcp_split_unsent_seg
 .text.tcp_send_fin
                0x100097d8      0x118 CMakeFiles/pico_mqtt.dir/home/narulinux/github/pico-sdk/lib/lwip/src/core/tcp_out.c.o
                0x100097d8                tcp_send_fin
 .text.tcp_rexmit_rto_prepare
                0x100098f0       0x9c CMakeFiles/pico_mqtt.dir/home/narulinux/github/pico-sdk/lib/lwip/src/core/tcp_out.c.o
                0x100098f0                tcp_rexmit_rto_prepare
 .text.tcp_rst  0x1000998c       0xe8 CMakeFiles/pico_mqtt.dir/home/narulinux/github/pico-sdk/lib/lwip/src/core/tcp_out.c.o
                0x1000998c                tcp_rst
 .text.tcp_send_empty_ack
                0x10009a74       0x4c CMakeFiles/pico_mqtt.dir/home/narulinux/github/pico-sdk/lib/lwip/src/core/tcp_out.c.o
                0x10009a74                tcp_send_empty_ack
 .text.tcp_output
                0x10009ac0      0x454 CMakeFiles/pico_mqtt.dir/home/narulinux/github/pico-sdk/lib/lwip/src/core/tcp_out.c.o
                0x10009ac0                tcp_output
 .text.tcp_rexmit_rto_commit
                0x10009f14       0x24 CMakeFiles/pico_mqtt.dir/home/narulinux/github/pico-sdk/lib/lwip/src/core/tcp_out.c.o
                0x10009f14                tcp_rexmit_rto_commit
 .text.tcp_keepalive
                0x10009f38       0xdc CMakeFiles/pico_mqtt.dir/home/narulinux/github/pico-sdk/lib/lwip/src/core/tcp_out.c.o
                0x10009f38                tcp_keepalive
 .text.tcp_zero_window_probe
                0x1000a014      0x110 CMakeFiles/pico_mqtt.dir/home/narulinux/github/pico-sdk/lib/lwip/src/core/tcp_out.c.o
                0x1000a014                tcp_zero_window_probe
 .text.lwip_cyclic_timer
                0x1000a124       0x98 CMakeFiles/pico_mqtt.dir/home/narulinux/github/pico-sdk/lib/lwip/src/core/timeouts.c.o
 .text.sys_timeouts_init
                0x1000a1bc       0x8c CMakeFiles/pico_mqtt.dir/home/narulinux/github/pico-sdk/lib/lwip/src/core/timeouts.c.o
                0x1000a1bc                sys_timeouts_init
 .text.sys_check_timeouts
                0x1000a248       0x68 CMakeFiles/pico_mqtt.dir/home/narulinux/github/pico-sdk/lib/lwip/src/core/timeouts.c.o
                0x1000a248                sys_check_timeouts
 .text.sys_timeouts_sleeptime
                0x1000a2b0       0x28 CMakeFiles/pico_mqtt.dir/home/narulinux/github/pico-sdk/lib/lwip/src/core/timeouts.c.o
                0x1000a2b0                sys_timeouts_sleeptime
 .text.udp_init
                0x1000a2d8       0x20 CMakeFiles/pico_mqtt.dir/home/narulinux/github/pico-sdk/lib/lwip/src/core/udp.c.o
                0x1000a2d8                udp_init
 .text.udp_bind
                0x1000a2f8      0x118 CMakeFiles/pico_mqtt.dir/home/narulinux/github/pico-sdk/lib/lwip/src/core/udp.c.o
                0x1000a2f8                udp_bind
 .text.udp_sendto_if_src
                0x1000a410      0x130 CMakeFiles/pico_mqtt.dir/home/narulinux/github/pico-sdk/lib/lwip/src/core/udp.c.o
                0x1000a410                udp_sendto_if_src
 .text.udp_sendto_if
                0x1000a540       0x48 CMakeFiles/pico_mqtt.dir/home/narulinux/github/pico-sdk/lib/lwip/src/core/udp.c.o
                0x1000a540                udp_sendto_if
 .text.udp_sendto
                0x1000a588       0x78 CMakeFiles/pico_mqtt.dir/home/narulinux/github/pico-sdk/lib/lwip/src/core/udp.c.o
                0x1000a588                udp_sendto
 .text.udp_connect
                0x1000a600       0x60 CMakeFiles/pico_mqtt.dir/home/narulinux/github/pico-sdk/lib/lwip/src/core/udp.c.o
                0x1000a600                udp_connect
 .text.udp_recv
                0x1000a660        0xc CMakeFiles/pico_mqtt.dir/home/narulinux/github/pico-sdk/lib/lwip/src/core/udp.c.o
                0x1000a660                udp_recv
 .text.udp_remove
                0x1000a66c       0x3c CMakeFiles/pico_mqtt.dir/home/narulinux/github/pico-sdk/lib/lwip/src/core/udp.c.o
                0x1000a66c                udp_remove
 .text.udp_new  0x1000a6a8       0x1c CMakeFiles/pico_mqtt.dir/home/narulinux/github/pico-sdk/lib/lwip/src/core/udp.c.o
                0x1000a6a8                udp_new
 .text.udp_netif_ip_addr_changed
                0x1000a6c4       0x40 CMakeFiles/pico_mqtt.dir/home/narulinux/github/pico-sdk/lib/lwip/src/core/udp.c.o
                0x1000a6c4                udp_netif_ip_addr_changed
 .text.dhcp_create_msg
                0x1000a704      0x164 CMakeFiles/pico_mqtt.dir/home/narulinux/github/pico-sdk/lib/lwip/src/core/ipv4/dhcp.c.o
 .text.dhcp_inc_pcb_refcount
                0x1000a868       0x6c CMakeFiles/pico_mqtt.dir/home/narulinux/github/pico-sdk/lib/lwip/src/core/ipv4/dhcp.c.o
 .text.dhcp_bind
                0x1000a8d4      0x138 CMakeFiles/pico_mqtt.dir/home/narulinux/github/pico-sdk/lib/lwip/src/core/ipv4/dhcp.c.o
 .text.dhcp_option_hostname.isra.0
                0x1000aa0c       0x84 CMakeFiles/pico_mqtt.dir/home/narulinux/github/pico-sdk/lib/lwip/src/core/ipv4/dhcp.c.o
 .text.dhcp_handle_ack.isra.0
                0x1000aa90       0xcc CMakeFiles/pico_mqtt.dir/home/narulinux/github/pico-sdk/lib/lwip/src/core/ipv4/dhcp.c.o
 .text.dhcp_reboot.isra.0
                0x1000ab5c      0x178 CMakeFiles/pico_mqtt.dir/home/narulinux/github/pico-sdk/lib/lwip/src/core/ipv4/dhcp.c.o
 .text.dhcp_discover
                0x1000acd4      0x140 CMakeFiles/pico_mqtt.dir/home/narulinux/github/pico-sdk/lib/lwip/src/core/ipv4/dhcp.c.o
 .text.dhcp_select.isra.0
                0x1000ae14      0x1e0 CMakeFiles/pico_mqtt.dir/home/narulinux/github/pico-sdk/lib/lwip/src/core/ipv4/dhcp.c.o
 .text.dhcp_recv
                0x1000aff4      0x47c CMakeFiles/pico_mqtt.dir/home/narulinux/github/pico-sdk/lib/lwip/src/core/ipv4/dhcp.c.o
 .text.dhcp_network_changed_link_up
                0x1000b470       0x40 CMakeFiles/pico_mqtt.dir/home/narulinux/github/pico-sdk/lib/lwip/src/core/ipv4/dhcp.c.o
                0x1000b470                dhcp_network_changed_link_up
 .text.dhcp_renew
                0x1000b4b0      0x138 CMakeFiles/pico_mqtt.dir/home/narulinux/github/pico-sdk/lib/lwip/src/core/ipv4/dhcp.c.o
                0x1000b4b0                dhcp_renew
 .text.dhcp_release_and_stop
                0x1000b5e8      0x158 CMakeFiles/pico_mqtt.dir/home/narulinux/github/pico-sdk/lib/lwip/src/core/ipv4/dhcp.c.o
                0x1000b5e8                dhcp_release_and_stop
 .text.dhcp_start
                0x1000b740       0xb0 CMakeFiles/pico_mqtt.dir/home/narulinux/github/pico-sdk/lib/lwip/src/core/ipv4/dhcp.c.o
                0x1000b740                dhcp_start
 .text.dhcp_coarse_tmr
                0x1000b7f0      0x1d8 CMakeFiles/pico_mqtt.dir/home/narulinux/github/pico-sdk/lib/lwip/src/core/ipv4/dhcp.c.o
                0x1000b7f0                dhcp_coarse_tmr
 .text.dhcp_fine_tmr
                0x1000b9c8       0x78 CMakeFiles/pico_mqtt.dir/home/narulinux/github/pico-sdk/lib/lwip/src/core/ipv4/dhcp.c.o
                0x1000b9c8                dhcp_fine_tmr
 .text.dhcp_stop
                0x1000ba40      0x158 CMakeFiles/pico_mqtt.dir/home/narulinux/github/pico-sdk/lib/lwip/src/core/ipv4/dhcp.c.o
                0x1000ba40                dhcp_stop
 .text.etharp_raw
                0x1000bb98       0xec CMakeFiles/pico_mqtt.dir/home/narulinux/github/pico-sdk/lib/lwip/src/core/ipv4/etharp.c.o
 .text.etharp_tmr
                0x1000bc84       0x94 CMakeFiles/pico_mqtt.dir/home/narulinux/github/pico-sdk/lib/lwip/src/core/ipv4/etharp.c.o
                0x1000bc84                etharp_tmr
 .text.etharp_cleanup_netif
                0x1000bd18      0x188 CMakeFiles/pico_mqtt.dir/home/narulinux/github/pico-sdk/lib/lwip/src/core/ipv4/etharp.c.o
                0x1000bd18                etharp_cleanup_netif
 .text.etharp_request
                0x1000bea0       0x2c CMakeFiles/pico_mqtt.dir/home/narulinux/github/pico-sdk/lib/lwip/src/core/ipv4/etharp.c.o
                0x1000bea0                etharp_request
 .text.icmp_time_exceeded
                0x1000becc       0xcc CMakeFiles/pico_mqtt.dir/home/narulinux/github/pico-sdk/lib/lwip/src/core/ipv4/icmp.c.o
                0x1000becc                icmp_time_exceeded
 .text.ip_reass_free_complete_datagram
                0x1000bf98      0x11c CMakeFiles/pico_mqtt.dir/home/narulinux/github/pico-sdk/lib/lwip/src/core/ipv4/ip4_frag.c.o
 .text.ip_reass_tmr
                0x1000c0b4       0x30 CMakeFiles/pico_mqtt.dir/home/narulinux/github/pico-sdk/lib/lwip/src/core/ipv4/ip4_frag.c.o
                0x1000c0b4                ip_reass_tmr
 .text.ip4_frag
                0x1000c0e4      0x254 CMakeFiles/pico_mqtt.dir/home/narulinux/github/pico-sdk/lib/lwip/src/core/ipv4/ip4_frag.c.o
                0x1000c0e4                ip4_frag
 .text.ip4_route
                0x1000c338       0x7c CMakeFiles/pico_mqtt.dir/home/narulinux/github/pico-sdk/lib/lwip/src/core/ipv4/ip4.c.o
                0x1000c338                ip4_route
 .text.ip4_output_if
                0x1000c3b4      0x190 CMakeFiles/pico_mqtt.dir/home/narulinux/github/pico-sdk/lib/lwip/src/core/ipv4/ip4.c.o
                0x1000c3b4                ip4_output_if
 .text.ip4_output_if_src
                0x1000c544      0x184 CMakeFiles/pico_mqtt.dir/home/narulinux/github/pico-sdk/lib/lwip/src/core/ipv4/ip4.c.o
                0x1000c544                ip4_output_if_src
 .text.ethernet_output
                0x1000c6c8       0x6c CMakeFiles/pico_mqtt.dir/home/narulinux/github/pico-sdk/lib/lwip/src/netif/ethernet.c.o
                0x1000c6c8                ethernet_output
 .text.cyw43_arch_wifi_connect_bssid_until.part.0
                0x1000c734      0x150 CMakeFiles/pico_mqtt.dir/home/narulinux/github/pico-sdk/src/rp2_common/pico_cyw43_arch/cyw43_arch.c.o
 .text.cyw43_arch_set_async_context
                0x1000c884        0xc CMakeFiles/pico_mqtt.dir/home/narulinux/github/pico-sdk/src/rp2_common/pico_cyw43_arch/cyw43_arch.c.o
                0x1000c884                cyw43_arch_set_async_context
 .text.cyw43_arch_wifi_connect_timeout_ms
                0x1000c890       0xa0 CMakeFiles/pico_mqtt.dir/home/narulinux/github/pico-sdk/src/rp2_common/pico_cyw43_arch/cyw43_arch.c.o
                0x1000c890                cyw43_arch_wifi_connect_timeout_ms
 .text.cyw43_arch_async_context
                0x1000c930        0xc CMakeFiles/pico_mqtt.dir/home/narulinux/github/pico-sdk/src/rp2_common/pico_cyw43_arch/cyw43_arch.c.o
                0x1000c930                cyw43_arch_async_context
 .text.cyw43_arch_init
                0x1000c93c       0x74 CMakeFiles/pico_mqtt.dir/home/narulinux/github/pico-sdk/src/rp2_common/pico_cyw43_arch/cyw43_arch_threadsafe_background.c.o
                0x1000c93c                cyw43_arch_init
 .text.ns_delay.constprop.0
                0x1000c9b0       0x20 CMakeFiles/pico_mqtt.dir/home/narulinux/github/pico-sdk/src/rp2_common/pico_cyw43_driver/cyw43_bus_pio_spi.c.o
 .text.cyw43_spi_deinit
                0x1000c9d0       0x6c CMakeFiles/pico_mqtt.dir/home/narulinux/github/pico-sdk/src/rp2_common/pico_cyw43_driver/cyw43_bus_pio_spi.c.o
                0x1000c9d0                cyw43_spi_deinit
 .text.cyw43_spi_init
                0x1000ca3c      0x128 CMakeFiles/pico_mqtt.dir/home/narulinux/github/pico-sdk/src/rp2_common/pico_cyw43_driver/cyw43_bus_pio_spi.c.o
                0x1000ca3c                cyw43_spi_init
 .text.cyw43_spi_transfer
                0x1000cb64      0x420 CMakeFiles/pico_mqtt.dir/home/narulinux/github/pico-sdk/src/rp2_common/pico_cyw43_driver/cyw43_bus_pio_spi.c.o
                0x1000cb64                cyw43_spi_transfer
 .text.cyw43_spi_gpio_setup
                0x1000cf84       0x3c CMakeFiles/pico_mqtt.dir/home/narulinux/github/pico-sdk/src/rp2_common/pico_cyw43_driver/cyw43_bus_pio_spi.c.o
                0x1000cf84                cyw43_spi_gpio_setup
 .text.cyw43_spi_reset
                0x1000cfc0       0x28 CMakeFiles/pico_mqtt.dir/home/narulinux/github/pico-sdk/src/rp2_common/pico_cyw43_driver/cyw43_bus_pio_spi.c.o
                0x1000cfc0                cyw43_spi_reset
 .text.read_reg_u32_swap
                0x1000cfe8       0x3c CMakeFiles/pico_mqtt.dir/home/narulinux/github/pico-sdk/src/rp2_common/pico_cyw43_driver/cyw43_bus_pio_spi.c.o
                0x1000cfe8                read_reg_u32_swap
 .text.cyw43_read_reg_u32
                0x1000d024       0x50 CMakeFiles/pico_mqtt.dir/home/narulinux/github/pico-sdk/src/rp2_common/pico_cyw43_driver/cyw43_bus_pio_spi.c.o
                0x1000d024                cyw43_read_reg_u32
 .text.cyw43_read_reg_u16
                0x1000d074       0x50 CMakeFiles/pico_mqtt.dir/home/narulinux/github/pico-sdk/src/rp2_common/pico_cyw43_driver/cyw43_bus_pio_spi.c.o
                0x1000d074                cyw43_read_reg_u16
 .text.cyw43_read_reg_u8
                0x1000d0c4       0x50 CMakeFiles/pico_mqtt.dir/home/narulinux/github/pico-sdk/src/rp2_common/pico_cyw43_driver/cyw43_bus_pio_spi.c.o
                0x1000d0c4                cyw43_read_reg_u8
 .text.write_reg_u32_swap
                0x1000d114      0x214 CMakeFiles/pico_mqtt.dir/home/narulinux/github/pico-sdk/src/rp2_common/pico_cyw43_driver/cyw43_bus_pio_spi.c.o
                0x1000d114                write_reg_u32_swap
 .text.cyw43_write_reg_u32
                0x1000d328      0x234 CMakeFiles/pico_mqtt.dir/home/narulinux/github/pico-sdk/src/rp2_common/pico_cyw43_driver/cyw43_bus_pio_spi.c.o
                0x1000d328                cyw43_write_reg_u32
 .text.cyw43_write_reg_u16
                0x1000d55c      0x234 CMakeFiles/pico_mqtt.dir/home/narulinux/github/pico-sdk/src/rp2_common/pico_cyw43_driver/cyw43_bus_pio_spi.c.o
                0x1000d55c                cyw43_write_reg_u16
 .text.cyw43_write_reg_u8
                0x1000d790      0x234 CMakeFiles/pico_mqtt.dir/home/narulinux/github/pico-sdk/src/rp2_common/pico_cyw43_driver/cyw43_bus_pio_spi.c.o
                0x1000d790                cyw43_write_reg_u8
 .text.cyw43_read_bytes
                0x1000d9c4       0x78 CMakeFiles/pico_mqtt.dir/home/narulinux/github/pico-sdk/src/rp2_common/pico_cyw43_driver/cyw43_bus_pio_spi.c.o
                0x1000d9c4                cyw43_read_bytes
 .text.cyw43_write_bytes
                0x1000da3c       0xc0 CMakeFiles/pico_mqtt.dir/home/narulinux/github/pico-sdk/src/rp2_common/pico_cyw43_driver/cyw43_bus_pio_spi.c.o
                0x1000da3c                cyw43_write_bytes
 .text.cyw43_set_backplane_window
                0x1000dafc       0x68 CMakeFiles/pico_mqtt.dir/home/narulinux/github/pico-sdk/lib/cyw43-driver/src/cyw43_ll.c.o
 .text.cyw43_ll_parse_async_event
                0x1000db64      0x134 CMakeFiles/pico_mqtt.dir/home/narulinux/github/pico-sdk/lib/cyw43-driver/src/cyw43_ll.c.o
 .text.cyw43_kso_set
                0x1000dc98       0x80 CMakeFiles/pico_mqtt.dir/home/narulinux/github/pico-sdk/lib/cyw43-driver/src/cyw43_ll.c.o
 .text.cyw43_ll_sdpcm_poll_device
                0x1000dd18      0x238 CMakeFiles/pico_mqtt.dir/home/narulinux/github/pico-sdk/lib/cyw43-driver/src/cyw43_ll.c.o
 .text.cyw43_sdpcm_send_common
                0x1000df50       0xfc CMakeFiles/pico_mqtt.dir/home/narulinux/github/pico-sdk/lib/cyw43-driver/src/cyw43_ll.c.o
 .text.cyw43_do_ioctl.part.0
                0x1000e04c       0xc4 CMakeFiles/pico_mqtt.dir/home/narulinux/github/pico-sdk/lib/cyw43-driver/src/cyw43_ll.c.o
 .text.cyw43_download_resource
                0x1000e110       0xd0 CMakeFiles/pico_mqtt.dir/home/narulinux/github/pico-sdk/lib/cyw43-driver/src/cyw43_ll.c.o
 .text.cyw43_write_iovar_u32.constprop.0
                0x1000e1e0       0x98 CMakeFiles/pico_mqtt.dir/home/narulinux/github/pico-sdk/lib/cyw43-driver/src/cyw43_ll.c.o
 .text.cyw43_write_iovar_n
                0x1000e278       0x8c CMakeFiles/pico_mqtt.dir/home/narulinux/github/pico-sdk/lib/cyw43-driver/src/cyw43_ll.c.o
 .text.cyw43_write_iovar_u32_u32.constprop.0
                0x1000e304       0xac CMakeFiles/pico_mqtt.dir/home/narulinux/github/pico-sdk/lib/cyw43-driver/src/cyw43_ll.c.o
 .text.cyw43_read_backplane.constprop.0
                0x1000e3b0       0xe4 CMakeFiles/pico_mqtt.dir/home/narulinux/github/pico-sdk/lib/cyw43-driver/src/cyw43_ll.c.o
 .text.cyw43_write_backplane
                0x1000e494      0x10c CMakeFiles/pico_mqtt.dir/home/narulinux/github/pico-sdk/lib/cyw43-driver/src/cyw43_ll.c.o
 .text.reset_device_core.constprop.0
                0x1000e5a0      0x410 CMakeFiles/pico_mqtt.dir/home/narulinux/github/pico-sdk/lib/cyw43-driver/src/cyw43_ll.c.o
 .text.cyw43_ll_init
                0x1000e9b0       0x1c CMakeFiles/pico_mqtt.dir/home/narulinux/github/pico-sdk/lib/cyw43-driver/src/cyw43_ll.c.o
                0x1000e9b0                cyw43_ll_init
 .text.cyw43_ll_deinit
                0x1000e9cc        0x8 CMakeFiles/pico_mqtt.dir/home/narulinux/github/pico-sdk/lib/cyw43-driver/src/cyw43_ll.c.o
                0x1000e9cc                cyw43_ll_deinit
 .text.cyw43_ll_process_packets
                0x1000e9d4       0x54 CMakeFiles/pico_mqtt.dir/home/narulinux/github/pico-sdk/lib/cyw43-driver/src/cyw43_ll.c.o
                0x1000e9d4                cyw43_ll_process_packets
 .text.cyw43_ll_ioctl
                0x1000ea28       0x80 CMakeFiles/pico_mqtt.dir/home/narulinux/github/pico-sdk/lib/cyw43-driver/src/cyw43_ll.c.o
                0x1000ea28                cyw43_ll_ioctl
 .text.cyw43_ll_bus_sleep
                0x1000eaa8       0x34 CMakeFiles/pico_mqtt.dir/home/narulinux/github/pico-sdk/lib/cyw43-driver/src/cyw43_ll.c.o
                0x1000eaa8                cyw43_ll_bus_sleep
 .text.cyw43_ll_wifi_get_mac
                0x1000eadc       0x74 CMakeFiles/pico_mqtt.dir/home/narulinux/github/pico-sdk/lib/cyw43-driver/src/cyw43_ll.c.o
                0x1000eadc                cyw43_ll_wifi_get_mac
 .text.cyw43_ll_bus_init
                0x1000eb50      0x920 CMakeFiles/pico_mqtt.dir/home/narulinux/github/pico-sdk/lib/cyw43-driver/src/cyw43_ll.c.o
                0x1000eb50                cyw43_ll_bus_init
 .text.cyw43_ll_wifi_join
                0x1000f470      0x4bc CMakeFiles/pico_mqtt.dir/home/narulinux/github/pico-sdk/lib/cyw43-driver/src/cyw43_ll.c.o
                0x1000f470                cyw43_ll_wifi_join
 .text.cyw43_ll_wifi_set_wpa_auth
                0x1000f92c       0x4c CMakeFiles/pico_mqtt.dir/home/narulinux/github/pico-sdk/lib/cyw43-driver/src/cyw43_ll.c.o
                0x1000f92c                cyw43_ll_wifi_set_wpa_auth
 .text.cyw43_ll_wifi_rejoin
                0x1000f978       0x58 CMakeFiles/pico_mqtt.dir/home/narulinux/github/pico-sdk/lib/cyw43-driver/src/cyw43_ll.c.o
                0x1000f978                cyw43_ll_wifi_rejoin
 .text.cyw43_ll_has_work
                0x1000f9d0       0x14 CMakeFiles/pico_mqtt.dir/home/narulinux/github/pico-sdk/lib/cyw43-driver/src/cyw43_ll.c.o
                0x1000f9d0                cyw43_ll_has_work
 .text.cyw43_cb_tcpip_deinit
                0x1000f9e4       0x4c CMakeFiles/pico_mqtt.dir/home/narulinux/github/pico-sdk/lib/cyw43-driver/src/cyw43_lwip.c.o
                0x1000f9e4                cyw43_cb_tcpip_deinit
 .text.cyw43_cb_process_ethernet
                0x1000fa30       0x6c CMakeFiles/pico_mqtt.dir/home/narulinux/github/pico-sdk/lib/cyw43-driver/src/cyw43_lwip.c.o
                0x1000fa30                cyw43_cb_process_ethernet
 .text.cyw43_cb_tcpip_set_link_up
                0x1000fa9c       0x18 CMakeFiles/pico_mqtt.dir/home/narulinux/github/pico-sdk/lib/cyw43-driver/src/cyw43_lwip.c.o
                0x1000fa9c                cyw43_cb_tcpip_set_link_up
 .text.cyw43_cb_tcpip_set_link_down
                0x1000fab4       0x18 CMakeFiles/pico_mqtt.dir/home/narulinux/github/pico-sdk/lib/cyw43-driver/src/cyw43_lwip.c.o
                0x1000fab4                cyw43_cb_tcpip_set_link_down
 .text.cyw43_tcpip_link_status
                0x1000facc       0x34 CMakeFiles/pico_mqtt.dir/home/narulinux/github/pico-sdk/lib/cyw43-driver/src/cyw43_lwip.c.o
                0x1000facc                cyw43_tcpip_link_status
 .text.cyw43_poll_func
                0x1000fb00       0xc0 CMakeFiles/pico_mqtt.dir/home/narulinux/github/pico-sdk/lib/cyw43-driver/src/cyw43_ctrl.c.o
 .text.cyw43_init
                0x1000fbc0       0x6c CMakeFiles/pico_mqtt.dir/home/narulinux/github/pico-sdk/lib/cyw43-driver/src/cyw43_ctrl.c.o
                0x1000fbc0                cyw43_init
 .text.cyw43_deinit
                0x1000fc2c       0x90 CMakeFiles/pico_mqtt.dir/home/narulinux/github/pico-sdk/lib/cyw43-driver/src/cyw43_ctrl.c.o
                0x1000fc2c                cyw43_deinit
 .text.cyw43_cb_read_host_interrupt_pin
                0x1000fcbc        0xc CMakeFiles/pico_mqtt.dir/home/narulinux/github/pico-sdk/lib/cyw43-driver/src/cyw43_ctrl.c.o
                0x1000fcbc                cyw43_cb_read_host_interrupt_pin
 .text.cyw43_cb_ensure_awake
                0x1000fcc8        0xc CMakeFiles/pico_mqtt.dir/home/narulinux/github/pico-sdk/lib/cyw43-driver/src/cyw43_ctrl.c.o
                0x1000fcc8                cyw43_cb_ensure_awake
 .text.cyw43_cb_process_async_event
                0x1000fcd4      0x210 CMakeFiles/pico_mqtt.dir/home/narulinux/github/pico-sdk/lib/cyw43-driver/src/cyw43_ctrl.c.o
                0x1000fcd4                cyw43_cb_process_async_event
 .text.cyw43_wifi_link_status
                0x1000fee4       0x40 CMakeFiles/pico_mqtt.dir/home/narulinux/github/pico-sdk/lib/cyw43-driver/src/cyw43_ctrl.c.o
                0x1000fee4                cyw43_wifi_link_status
 .text.cyw43_wifi_join
                0x1000ff24       0xf4 CMakeFiles/pico_mqtt.dir/home/narulinux/github/pico-sdk/lib/cyw43-driver/src/cyw43_ctrl.c.o
                0x1000ff24                cyw43_wifi_join
 .text.pio_sm_set_pindirs_with_mask64
                0x10010018       0xac CMakeFiles/pico_mqtt.dir/home/narulinux/github/pico-sdk/src/rp2_common/hardware_pio/pio.c.o
                0x10010018                pio_sm_set_pindirs_with_mask64
 .text.pio_sm_set_consecutive_pindirs
                0x100100c4       0xb4 CMakeFiles/pico_mqtt.dir/home/narulinux/github/pico-sdk/src/rp2_common/hardware_pio/pio.c.o
                0x100100c4                pio_sm_set_consecutive_pindirs
 .text.pio_claim_free_sm_and_add_program_for_gpio_range
                0x10010178      0x18c CMakeFiles/pico_mqtt.dir/home/narulinux/github/pico-sdk/src/rp2_common/hardware_pio/pio.c.o
                0x10010178                pio_claim_free_sm_and_add_program_for_gpio_range
 .text.pio_remove_program_and_unclaim_sm
                0x10010304       0x40 CMakeFiles/pico_mqtt.dir/home/narulinux/github/pico-sdk/src/rp2_common/hardware_pio/pio.c.o
                0x10010304                pio_remove_program_and_unclaim_sm
 .text.dma_channel_unclaim
                0x10010344       0x14 CMakeFiles/pico_mqtt.dir/home/narulinux/github/pico-sdk/src/rp2_common/hardware_dma/dma.c.o
                0x10010344                dma_channel_unclaim
 .text.dma_claim_unused_channel
                0x10010358       0x24 CMakeFiles/pico_mqtt.dir/home/narulinux/github/pico-sdk/src/rp2_common/hardware_dma/dma.c.o
                0x10010358                dma_claim_unused_channel
 .text.dma_channel_cleanup
                0x1001037c       0x64 CMakeFiles/pico_mqtt.dir/home/narulinux/github/pico-sdk/src/rp2_common/hardware_dma/dma.c.o
                0x1001037c                dma_channel_cleanup
 .text.cyw43_sleep_timeout_reached
                0x100103e0       0x10 CMakeFiles/pico_mqtt.dir/home/narulinux/github/pico-sdk/src/rp2_common/pico_cyw43_driver/cyw43_driver.c.o
 .text.cyw43_irq_init
                0x100103f0       0x28 CMakeFiles/pico_mqtt.dir/home/narulinux/github/pico-sdk/src/rp2_common/pico_cyw43_driver/cyw43_driver.c.o
                0x100103f0                cyw43_irq_init
 .text.cyw43_irq_deinit
                0x10010418       0x20 CMakeFiles/pico_mqtt.dir/home/narulinux/github/pico-sdk/src/rp2_common/pico_cyw43_driver/cyw43_driver.c.o
                0x10010418                cyw43_irq_deinit
 .text.cyw43_gpio_irq_handler